../Core/Src/main.c:93:6:TimerCallback	16	static
../Core/Src/main.c:99:6:HAL_UART_RxCpltCallback	16	static
../Core/Src/main.c:112:6:HAL_GPIO_EXTI_Callback	16	static
../Core/Src/main.c:126:5:main	8	static
../Core/Src/main.c:229:6:SystemClock_Config	88	static
../Core/Src/main.c:276:13:MX_USART3_UART_Init	8	static
../Core/Src/main.c:309:13:MX_USB_OTG_FS_PCD_Init	8	static
../Core/Src/main.c:344:13:MX_GPIO_Init	56	static
../Core/Src/main.c:411:6:StartDefaultTask	16	static
../Core/Src/main.c:429:6:StartTask02	128	static
../Core/Src/main.c:504:6:Error_Handler	4	static,ignoring_inline_asm
