../Core/Src/main.c:15:6:gpio_uart_init	4	static
../Core/Src/main.c:36:6:uart3_init	4	static
../Core/Src/main.c:52:6:sendchar	16	static
../Core/Src/main.c:58:6:sendstring	16	static
../Core/Src/main.c:65:6:receivechar	4	static
../Core/Src/main.c:71:6:dma_init	4	static
../Core/Src/main.c:99:5:main	8	static
../Core/Src/main.c:129:6:SystemClock_Config	88	static
../Core/Src/main.c:172:13:MX_USART3_UART_Init	8	static
../Core/Src/main.c:199:13:MX_USB_OTG_FS_PCD_Init	8	static
../Core/Src/main.c:234:13:MX_GPIO_Init	56	static
../Core/Src/main.c:294:6:Error_Handler	4	static,ignoring_inline_asm
