../Drivers/CMSIS/Include/core_cm4.h:1684:22:__NVIC_EnableIRQ	16	static,ignoring_inline_asm
../Core/Src/main.c:15:6:gpio_init	4	static
../Core/Src/main.c:26:6:uart_init	4	static
../Core/Src/main.c:34:6:sendchar	16	static
../Core/Src/main.c:40:6:sendstring	16	static
../Core/Src/main.c:48:6:adc_init	8	static
../Core/Src/main.c:59:6:ADC_IRQHandler	4	static
../Core/Src/main.c:68:5:main	64	static
../Core/Src/main.c:99:6:SystemClock_Config	88	static
../Core/Src/main.c:142:13:MX_USART3_UART_Init	8	static
../Core/Src/main.c:169:13:MX_USB_OTG_FS_PCD_Init	8	static
../Core/Src/main.c:204:13:MX_GPIO_Init	56	static
../Core/Src/main.c:264:6:Error_Handler	4	static,ignoring_inline_asm
