Archive member included to satisfy reference by file (symbol)

app/libapp.a(main.c.obj)      (--whole-archive)
zephyr/libzephyr.a(validate_libc.c.obj)
                              (--whole-archive)
zephyr/libzephyr.a(heap.c.obj)
                              (--whole-archive)
zephyr/libzephyr.a(boot_banner.c.obj)
                              (--whole-archive)
zephyr/libzephyr.a(cbprintf_packaged.c.obj)
                              (--whole-archive)
zephyr/libzephyr.a(clock.c.obj)
                              (--whole-archive)
zephyr/libzephyr.a(printk.c.obj)
                              (--whole-archive)
zephyr/libzephyr.a(cbprintf_complete.c.obj)
                              (--whole-archive)
zephyr/libzephyr.a(assert.c.obj)
                              (--whole-archive)
zephyr/libzephyr.a(dec.c.obj)
                              (--whole-archive)
zephyr/libzephyr.a(hex.c.obj)
                              (--whole-archive)
zephyr/libzephyr.a(rb.c.obj)  (--whole-archive)
zephyr/libzephyr.a(set.c.obj)
                              (--whole-archive)
zephyr/libzephyr.a(timeutil.c.obj)
                              (--whole-archive)
zephyr/libzephyr.a(bitarray.c.obj)
                              (--whole-archive)
zephyr/libzephyr.a(bitmask.c.obj)
                              (--whole-archive)
zephyr/libzephyr.a(getopt.c.obj)
                              (--whole-archive)
zephyr/libzephyr.a(getopt_common.c.obj)
                              (--whole-archive)
zephyr/libzephyr.a(ring_buffer.c.obj)
                              (--whole-archive)
zephyr/libzephyr.a(last_section_id.c.obj)
                              (--whole-archive)
zephyr/libzephyr.a(configs.c.obj)
                              (--whole-archive)
zephyr/libzephyr.a(stm32cube_hal.c.obj)
                              (--whole-archive)
zephyr/libzephyr.a(soc_config.c.obj)
                              (--whole-archive)
zephyr/libzephyr.a(stm32_backup_sram.c.obj)
                              (--whole-archive)
zephyr/libzephyr.a(gpioport_mgr.c.obj)
                              (--whole-archive)
zephyr/libzephyr.a(stm32_backup_domain.c.obj)
                              (--whole-archive)
zephyr/libzephyr.a(soc.c.obj)
                              (--whole-archive)
zephyr/libzephyr.a(mem_attr.c.obj)
                              (--whole-archive)
zephyr/libzephyr.a(tracing_none.c.obj)
                              (--whole-archive)
zephyr/libzephyr.a(sem.c.obj)
                              (--whole-archive)
zephyr/libzephyr.a(thread_entry.c.obj)
                              (--whole-archive)
zephyr/arch/common/libarch__common.a(sw_isr_common.c.obj)
                              (--whole-archive)
zephyr/arch/common/libarch__common.a(init.c.obj)
                              (--whole-archive)
zephyr/arch/common/libarch__common.a(xip.c.obj)
                              (--whole-archive)
zephyr/arch/arch/arm/core/libarch__arm__core.a(fatal.c.obj)
                              (--whole-archive)
zephyr/arch/arch/arm/core/libarch__arm__core.a(nmi.c.obj)
                              (--whole-archive)
zephyr/arch/arch/arm/core/libarch__arm__core.a(nmi_on_reset.S.obj)
                              (--whole-archive)
zephyr/arch/arch/arm/core/libarch__arm__core.a(tls.c.obj)
                              (--whole-archive)
zephyr/arch/arch/arm/core/cortex_m/libarch__arm__core__cortex_m.a(fault.c.obj)
                              (--whole-archive)
zephyr/arch/arch/arm/core/cortex_m/libarch__arm__core__cortex_m.a(fault_s.S.obj)
                              (--whole-archive)
zephyr/arch/arch/arm/core/cortex_m/libarch__arm__core__cortex_m.a(fpu.c.obj)
                              (--whole-archive)
zephyr/arch/arch/arm/core/cortex_m/libarch__arm__core__cortex_m.a(reset.S.obj)
                              (--whole-archive)
zephyr/arch/arch/arm/core/cortex_m/libarch__arm__core__cortex_m.a(scb.c.obj)
                              (--whole-archive)
zephyr/arch/arch/arm/core/cortex_m/libarch__arm__core__cortex_m.a(vector_table.S.obj)
                              (--whole-archive)
zephyr/arch/arch/arm/core/cortex_m/libarch__arm__core__cortex_m.a(svc.S.obj)
                              (--whole-archive)
zephyr/arch/arch/arm/core/cortex_m/libarch__arm__core__cortex_m.a(irq_manage.c.obj)
                              (--whole-archive)
zephyr/arch/arch/arm/core/cortex_m/libarch__arm__core__cortex_m.a(prep_c.c.obj)
                              (--whole-archive)
zephyr/arch/arch/arm/core/cortex_m/libarch__arm__core__cortex_m.a(thread.c.obj)
                              (--whole-archive)
zephyr/arch/arch/arm/core/cortex_m/libarch__arm__core__cortex_m.a(cpu_idle.c.obj)
                              (--whole-archive)
zephyr/arch/arch/arm/core/cortex_m/libarch__arm__core__cortex_m.a(exc_exit.c.obj)
                              (--whole-archive)
zephyr/arch/arch/arm/core/cortex_m/libarch__arm__core__cortex_m.a(thread_abort.c.obj)
[...]
Memory Configuration

Name             Origin             Length             Attributes
FLASH            0x08000000         0x00080000         xr
RAM              0x20000000         0x00020000         xw
BACKUP_SRAM      0x40024000         0x00001000         rw
SRAM0            0x20000000         0x00020000         rw
IDT_LIST         0xffff7fff         0x00008000         xw
*default*        0x00000000         0xffffffff

Linker script and memory map

                0x08002a00                        vfprintf = __l_vfprintf
                0x00000000                        vfscanf = __l_vfscanf
LOAD zephyr/CMakeFiles/zephyr_final.dir/misc/empty_file.c.obj
LOAD zephyr/CMakeFiles/zephyr_final.dir/isr_tables.c.obj
LOAD zephyr/CMakeFiles/offsets.dir/./arch/arm/core/offsets/offsets.c.obj
LOAD app/libapp.a
LOAD zephyr/libzephyr.a
LOAD zephyr/arch/common/libarch__common.a
LOAD zephyr/arch/arch/arm/core/libarch__arm__core.a
LOAD zephyr/arch/arch/arm/core/cortex_m/libarch__arm__core__cortex_m.a
LOAD zephyr/arch/arch/arm/core/mpu/libarch__arm__core__mpu.a
LOAD zephyr/lib/libc/picolibc/liblib__libc__picolibc.a
LOAD zephyr/lib/libc/common/liblib__libc__common.a
LOAD zephyr/subsys/portability/posix/c_lib_ext/libsubsys__portability__posix__c_lib_ext.a
LOAD zephyr/drivers/interrupt_controller/libdrivers__interrupt_controller.a
LOAD zephyr/drivers/clock_control/libdrivers__clock_control.a
LOAD zephyr/drivers/console/libdrivers__console.a
LOAD zephyr/drivers/pinctrl/libdrivers__pinctrl.a
LOAD zephyr/drivers/reset/libdrivers__reset.a
LOAD zephyr/drivers/serial/libdrivers__serial.a
LOAD zephyr/drivers/timer/libdrivers__timer.a
LOAD modules/hal_stm32/stm32cube/lib..__modules__hal__stm32__stm32cube.a
LOAD zephyr/kernel/libkernel.a
LOAD zephyr/arch/common/libisr_tables.a
LOAD /home/vvdn/zephyr-sdk-1.0.1/gnu/arm-zephyr-eabi/bin/../lib/gcc/arm-zephyr-eabi/14.3.0/../../../../arm-zephyr-eabi/lib/thumb/v7e-m/nofp/space/libc.a
LOAD /home/vvdn/zephyr-sdk-1.0.1/gnu/arm-zephyr-eabi/bin/../lib/gcc/arm-zephyr-eabi/14.3.0/thumb/v7e-m/nofp/space/libgcc.a
                0x00000020                        _region_min_align = 0x20

.rel.plt        0x08000000        0x0
 *(SORT_BY_ALIGNMENT(.rel.plt))
                [!provide]                        PROVIDE (__rel_iplt_start = .)
 *(SORT_BY_ALIGNMENT(.rel.iplt))
 .rel.iplt      0x08000000        0x0 zephyr/CMakeFiles/zephyr_final.dir/isr_tables.c.obj
                [!provide]                        PROVIDE (__rel_iplt_end = .)

.rela.plt       0x00000000        0x0
 *(SORT_BY_ALIGNMENT(.rela.plt))
                [!provide]                        PROVIDE (__rela_iplt_start = .)
 *(SORT_BY_ALIGNMENT(.rela.iplt))
                [!provide]                        PROVIDE (__rela_iplt_end = .)

.rel.dyn
 *(SORT_BY_ALIGNMENT(.rel.*))

.rela.dyn
 *(SORT_BY_ALIGNMENT(.rela.*))

/DISCARD/
 *(SORT_BY_ALIGNMENT(.plt))

/DISCARD/
 *(SORT_BY_ALIGNMENT(.iplt))
                0x08000000                        __rom_region_start = 0x8000000

rom_start       0x08000000      0x160
                0x08000000                        __rom_start_address = .
 FILL mask 0x00
                0x08000000                        . = (. + (0x0 - (. - __rom_start_address)))
                0x08000000                        . = ALIGN (0x4)
                0x08000000                        . = ALIGN (0x80)
                0x08000000                        . = ALIGN (0x200)
                0x08000000                        _vector_start = .
 *(SORT_BY_ALIGNMENT(.exc_vector_table))
 *(SORT_BY_ALIGNMENT(.exc_vector_table.*))
 .exc_vector_table._vector_table_section
                0x08000000       0x40 zephyr/arch/arch/arm/core/cortex_m/libarch__arm__core__cortex_m.a(vector_table.S.obj)
                0x08000000                _vector_table
 *(SORT_BY_ALIGNMENT(.vectors))
                0x08000160                        _vector_end = .
                0x08000040                        . = ALIGN (0x4)
 *(SORT_BY_ALIGNMENT(.gnu.linkonce.irq_vector_table*))
 .gnu.linkonce.irq_vector_table
                0x08000040      0x120 zephyr/CMakeFiles/zephyr_final.dir/isr_tables.c.obj
                0x08000040                _irq_vector_table
                0x08000160                        _vector_end = .

text            0x08000160     0x37dc
                0x08000160                        __text_region_start = .
 *(SORT_BY_ALIGNMENT(.text))
 .text          0x08000160       0x30 /home/vvdn/zephyr-sdk-1.0.1/gnu/arm-zephyr-eabi/bin/../lib/gcc/arm-zephyr-eabi/14.3.0/thumb/v7e-m/nofp/space/libgcc.a(_aeabi_uldivmod.o)
                0x08000160                __aeabi_uldivmod
 .text          0x08000190        0x4 /home/vvdn/zephyr-sdk-1.0.1/gnu/arm-zephyr-eabi/bin/../lib/gcc/arm-zephyr-eabi/14.3.0/thumb/v7e-m/nofp/space/libgcc.a(_dvmd_tls.o)
                0x08000190                __aeabi_ldiv0
                0x08000190                __aeabi_idiv0
 .text          0x08000194      0x2bc /home/vvdn/zephyr-sdk-1.0.1/gnu/arm-zephyr-eabi/bin/../lib/gcc/arm-zephyr-eabi/14.3.0/thumb/v7e-m/nofp/space/libgcc.a(_udivmoddi4.o)
                0x08000194                __udivmoddi4
 *(SORT_BY_ALIGNMENT(.text.*))
 .text.uart_task_b
                0x08000450       0x64 app/libapp.a(main.c.obj)
                0x08000450                uart_task_b
 .text.uart_task_a
                0x080004b4       0x64 app/libapp.a(main.c.obj)
                0x080004b4                uart_task_a
 .text.main     0x08000518       0x88 app/libapp.a(main.c.obj)
                0x08000518                main
 .text.boot_banner
                0x080005a0       0x10 zephyr/libzephyr.a(boot_banner.c.obj)
 .text.char_out
                0x080005b0        0xc zephyr/libzephyr.a(printk.c.obj)
 .text.__printk_hook_install
                0x080005bc        0xc zephyr/libzephyr.a(printk.c.obj)
                0x080005bc                __printk_hook_install
 .text.vprintk  0x080005c8       0x30 zephyr/libzephyr.a(printk.c.obj)
                0x080005c8                vprintk
 .text.st_stm32_common_config
                0x080005f8       0x14 zephyr/libzephyr.a(soc_config.c.obj)
 .text.stm32_backup_sram_init
                0x0800060c       0x4c zephyr/libzephyr.a(stm32_backup_sram.c.obj)
 .text.stm32_gpioport_init
                0x08000658       0x20 zephyr/libzephyr.a(gpioport_mgr.c.obj)
 .text.stm32_gpioport_get
                0x08000678       0x24 zephyr/libzephyr.a(gpioport_mgr.c.obj)
                0x08000678                stm32_gpioport_get
 .text.stm32_backup_domain_enable_access
                0x0800069c       0x3c zephyr/libzephyr.a(stm32_backup_domain.c.obj)
                0x0800069c                stm32_backup_domain_enable_access
 .text.soc_early_init_hook
                0x080006d8       0x30 zephyr/libzephyr.a(soc.c.obj)
                0x080006d8                soc_early_init_hook
 .text.mem_attr_get_regions
                0x08000708        0xc zephyr/libzephyr.a(mem_attr.c.obj)
                0x08000708                mem_attr_get_regions
 .text.z_thread_entry
                0x08000714       0x34 zephyr/libzephyr.a(thread_entry.c.obj)
                0x08000714                z_thread_entry
 .text.arch_bss_zero
                0x08000748       0x18 zephyr/arch/common/libarch__common.a(init.c.obj)
                0x08000748                arch_bss_zero
 .text.arch_data_copy
                0x08000760       0x38 zephyr/arch/common/libarch__common.a(xip.c.obj)
                0x08000760                arch_data_copy
 .text.z_arm_fatal_error
                0x08000798       0x60 zephyr/arch/arch/arm/core/libarch__arm__core.a(fatal.c.obj)
                0x08000798                z_arm_fatal_error
 .text.z_SysNmiOnReset
                0x080007f8        0x8 zephyr/arch/arch/arm/core/libarch__arm__core.a(nmi_on_reset.S.obj)
                0x080007f8                z_SysNmiOnReset
 .text.arch_tls_stack_setup
                0x08000800       0x40 zephyr/arch/arch/arm/core/libarch__arm__core.a(tls.c.obj)
                0x08000800                arch_tls_stack_setup
 .text.mem_manage_fault
                0x08000840       0xf0 zephyr/arch/arch/arm/core/cortex_m/libarch__arm__core__cortex_m.a(fault.c.obj)
 .text.usage_fault.isra.0
                0x08000930       0x98 zephyr/arch/arch/arm/core/cortex_m/libarch__arm__core__cortex_m.a(fault.c.obj)
 .text.bus_fault.isra.0
                0x080009c8       0xb8 zephyr/arch/arch/arm/core/cortex_m/libarch__arm__core__cortex_m.a(fault.c.obj)
 .text.z_arm_fault
                0x08000a80      0x1a8 zephyr/arch/arch/arm/core/cortex_m/libarch__arm__core__cortex_m.a(fault.c.obj)
                0x08000a80                z_arm_fault
 .text.z_arm_fault_init
                0x08000c28       0x18 zephyr/arch/arch/arm/core/cortex_m/libarch__arm__core__cortex_m.a(fault.c.obj)
                0x08000c28                z_arm_fault_init
 .text.__fault  0x08000c40       0x14 zephyr/arch/arch/arm/core/cortex_m/libarch__arm__core__cortex_m.a(fault_s.S.obj)
                0x08000c40                z_arm_bus_fault
                0x08000c40                z_arm_usage_fault
                0x08000c40                z_arm_mpu_fault
                0x08000c40                z_arm_exc_spurious
                0x08000c40                z_arm_debug_monitor
                0x08000c40                z_arm_hard_fault
 .text._reset_section
                0x08000c54       0x34 zephyr/arch/arch/arm/core/cortex_m/libarch__arm__core__cortex_m.a(reset.S.obj)
                0x08000c54                z_arm_reset
                0x08000c54                __start
 .text.z_arm_svc
                0x08000c88       0x24 zephyr/arch/arch/arm/core/cortex_m/libarch__arm__core__cortex_m.a(svc.S.obj)
                0x08000c88                z_arm_svc
 .text.arm_irq_priority_set
                0x08000cac       0x30 zephyr/arch/arch/arm/core/cortex_m/libarch__arm__core__cortex_m.a(irq_manage.c.obj)
                0x08000cac                arm_irq_priority_set
 .text.relocate_vector_table
                0x08000cdc       0x1c zephyr/arch/arch/arm/core/cortex_m/libarch__arm__core__cortex_m.a(prep_c.c.obj)
                0x08000cdc                relocate_vector_table
 .text.z_prep_c
                0x08000cf8       0x38 zephyr/arch/arch/arm/core/cortex_m/libarch__arm__core__cortex_m.a(prep_c.c.obj)
                0x08000cf8                z_prep_c
 .text.arch_new_thread
                0x08000d30       0x38 zephyr/arch/arch/arm/core/cortex_m/libarch__arm__core__cortex_m.a(thread.c.obj)
                0x08000d30                arch_new_thread
 .text.z_check_thread_stack_fail
                0x08000d68       0x2c zephyr/arch/arch/arm/core/cortex_m/libarch__arm__core__cortex_m.a(thread.c.obj)
                0x08000d68                z_check_thread_stack_fail
 .text.arch_switch_to_main_thread
                0x08000d94       0x3c zephyr/arch/arch/arm/core/cortex_m/libarch__arm__core__cortex_m.a(thread.c.obj)
                0x08000d94                arch_switch_to_main_thread
 .text.z_arm_cpu_idle_init
                0x08000dd0        0xc zephyr/arch/arch/arm/core/cortex_m/libarch__arm__core__cortex_m.a(cpu_idle.c.obj)
                0x08000dd0                z_arm_cpu_idle_init
 .text._HandlerModeExit
                0x08000ddc       0x20 zephyr/arch/arch/arm/core/cortex_m/libarch__arm__core__cortex_m.a(exc_exit.c.obj)
                0x08000ddc                z_arm_exc_exit
                0x08000ddc                z_arm_int_exit
 .text.z_impl_k_thread_abort
                0x08000dfc       0x2c zephyr/arch/arch/arm/core/cortex_m/libarch__arm__core__cortex_m.a(thread_abort.c.obj)
                0x08000dfc                z_impl_k_thread_abort
 .text.z_arm_pendsv
                0x08000e28       0x60 zephyr/arch/arch/arm/core/cortex_m/libarch__arm__core__cortex_m.a(swap_helper.S.obj)
                0x08000e28                z_arm_pendsv
 .text.z_arm_interrupt_init
                0x08000e88       0x18 zephyr/arch/arch/arm/core/cortex_m/libarch__arm__core__cortex_m.a(irq_init.c.obj)
                0x08000e88                z_arm_interrupt_init
 .text._isr_wrapper
                0x08000ea0       0x24 zephyr/arch/arch/arm/core/cortex_m/libarch__arm__core__cortex_m.a(isr_wrapper.c.obj)
                0x08000ea0                _isr_wrapper
 .text.__aeabi_read_tp
                0x08000ec4        0xc zephyr/arch/arch/arm/core/cortex_m/libarch__arm__core__cortex_m.a(__aeabi_read_tp.S.obj)
                0x08000ec4                __aeabi_read_tp
 .text.z_arm_configure_static_mpu_regions
                0x08000ed0       0x18 zephyr/arch/arch/arm/core/mpu/libarch__arm__core__mpu.a(arm_core_mpu.c.obj)
                0x08000ed0                z_arm_configure_static_mpu_regions
 .text.z_arm_configure_dynamic_mpu_regions
                0x08000ee8       0x20 zephyr/arch/arch/arm/core/mpu/libarch__arm__core__mpu.a(arm_core_mpu.c.obj)
                0x08000ee8                z_arm_configure_dynamic_mpu_regions
 .text.region_init
                0x08000f08       0x28 zephyr/arch/arch/arm/core/mpu/libarch__arm__core__mpu.a(arm_mpu.c.obj)
 .text.mpu_configure_regions
                0x08000f30       0x6c zephyr/arch/arch/arm/core/mpu/libarch__arm__core__mpu.a(arm_mpu.c.obj)
 .text.arm_core_mpu_enable
                0x08000f9c       0x18 zephyr/arch/arch/arm/core/mpu/libarch__arm__core__mpu.a(arm_mpu.c.obj)
                0x08000f9c                arm_core_mpu_enable
 .text.arm_core_mpu_disable
                0x08000fb4       0x14 zephyr/arch/arch/arm/core/mpu/libarch__arm__core__mpu.a(arm_mpu.c.obj)
                0x08000fb4                arm_core_mpu_disable
 .text.arm_core_mpu_configure_static_mpu_regions
                0x08000fc8       0x14 zephyr/arch/arch/arm/core/mpu/libarch__arm__core__mpu.a(arm_mpu.c.obj)
                0x08000fc8                arm_core_mpu_configure_static_mpu_regions
 .text.arm_core_mpu_configure_dynamic_mpu_regions
                0x08000fdc       0x38 zephyr/arch/arch/arm/core/mpu/libarch__arm__core__mpu.a(arm_mpu.c.obj)
                0x08000fdc                arm_core_mpu_configure_dynamic_mpu_regions
 .text.z_arm_mpu_init
                0x08001014      0x184 zephyr/arch/arch/arm/core/mpu/libarch__arm__core__mpu.a(arm_mpu.c.obj)
                0x08001014                z_arm_mpu_init
 .text.z_impl_zephyr_fputc
                0x08001198       0x10 zephyr/lib/libc/picolibc/liblib__libc__picolibc.a(stdio.c.obj)
                0x08001198                z_impl_zephyr_fputc
 .text.__stdout_hook_install
                0x080011a8       0x18 zephyr/lib/libc/picolibc/liblib__libc__picolibc.a(stdio.c.obj)
                0x080011a8                __stdout_hook_install
 .text.malloc_prepare
                0x080011c0       0x24 zephyr/lib/libc/common/liblib__libc__common.a(malloc.c.obj)
 .text.stm32_exti_init
                0x080011e4       0x2c zephyr/drivers/interrupt_controller/libdrivers__interrupt_controller.a(intc_exti_stm32.c.obj)
 .text.stm32_exti_is_pending
                0x08001210       0x20 zephyr/drivers/interrupt_controller/libdrivers__interrupt_controller.a(intc_exti_stm32.c.obj)
                0x08001210                stm32_exti_is_pending
 .text.stm32_exti_clear_pending
                0x08001230       0x20 zephyr/drivers/interrupt_controller/libdrivers__interrupt_controller.a(intc_exti_stm32.c.obj)
                0x08001230                stm32_exti_clear_pending
 .text.stm32_fill_irq_table
                0x08001250       0x18 zephyr/drivers/interrupt_controller/libdrivers__interrupt_controller.a(intc_gpio_stm32.c.obj)
 .text.stm32_intc_gpio_isr
                0x08001268       0x4c zephyr/drivers/interrupt_controller/libdrivers__interrupt_controller.a(intc_gpio_stm32.c.obj)
 .text.stm32_clock_control_get_subsys_rate
                0x080012b4       0xb8 zephyr/drivers/clock_control/libdrivers__clock_control.a(clock_stm32_ll_common.c.obj)
 .text.enabled_clock
                0x0800136c       0x20 zephyr/drivers/clock_control/libdrivers__clock_control.a(clock_stm32_ll_common.c.obj)
                0x0800136c                enabled_clock
 .text.stm32_clock_control_init
                0x0800138c      0x140 zephyr/drivers/clock_control/libdrivers__clock_control.a(clock_stm32_ll_common.c.obj)
                0x0800138c                stm32_clock_control_init
 .text.get_pllsrc_frequency
                0x080014cc        0x8 zephyr/drivers/clock_control/libdrivers__clock_control.a(clock_stm32f2_f4_f7.c.obj)
                0x080014cc                get_pllsrc_frequency
 .text.config_pll_sysclock
                0x080014d4       0x40 zephyr/drivers/clock_control/libdrivers__clock_control.a(clock_stm32f2_f4_f7.c.obj)
                0x080014d4                config_pll_sysclock
 .text.config_enable_default_clocks
                0x08001514       0x20 zephyr/drivers/clock_control/libdrivers__clock_control.a(clock_stm32f2_f4_f7.c.obj)
                0x08001514                config_enable_default_clocks
 .text.uart_console_init
                0x08001534       0x28 zephyr/drivers/console/libdrivers__console.a(uart_console.c.obj)
 .text.console_out
                0x0800155c       0x28 zephyr/drivers/console/libdrivers__console.a(uart_console.c.obj)
 .text.uart_stm32_parameters_set
                0x08001584      0x104 zephyr/drivers/serial/libdrivers__serial.a(uart_stm32.c.obj)
 .text.uart_stm32_configure
                0x08001688       0xf8 zephyr/drivers/serial/libdrivers__serial.a(uart_stm32.c.obj)
 .text.elapsed  0x08001780       0x44 zephyr/drivers/timer/libdrivers__timer.a(cortex_m_systick.c.obj)
 .text.sys_clock_driver_init
                0x080017c4       0x34 zephyr/drivers/timer/libdrivers__timer.a(cortex_m_systick.c.obj)
 .text.sys_clock_isr
                0x080017f8       0x70 zephyr/drivers/timer/libdrivers__timer.a(cortex_m_systick.c.obj)
                0x080017f8                sys_clock_isr
 .text.sys_clock_set_timeout
                0x08001868       0xf0 zephyr/drivers/timer/libdrivers__timer.a(cortex_m_systick.c.obj)
                0x08001868                sys_clock_set_timeout
 .text.sys_clock_elapsed
                0x08001958       0x2c zephyr/drivers/timer/libdrivers__timer.a(cortex_m_systick.c.obj)
                0x08001958                sys_clock_elapsed
 .text.HAL_RCC_GetSysClockFreq
                0x08001984       0x90 modules/hal_stm32/stm32cube/lib..__modules__hal__stm32__stm32cube.a(stm32f4xx_hal_rcc_ex.c.obj)
                0x08001984                HAL_RCC_GetSysClockFreq
 .text.LL_SetFlashLatency
                0x08001a14      0x128 modules/hal_stm32/stm32cube/lib..__modules__hal__stm32__stm32cube.a(stm32f4xx_ll_utils.c.obj)
                0x08001a14                LL_SetFlashLatency
 .text.z_fatal_error
                0x08001b3c       0x30 zephyr/kernel/libkernel.a(fatal.c.obj)
                0x08001b3c                z_fatal_error
 .text.z_sys_init_run_level
                0x08001b6c       0x30 zephyr/kernel/libkernel.a(init.c.obj)
 .text.bg_thread_main
                0x08001b9c       0xbc zephyr/kernel/libkernel.a(init.c.obj)
 .text.z_init_cpu
                0x08001c58       0x70 zephyr/kernel/libkernel.a(init.c.obj)
                0x08001c58                z_init_cpu
 .text.z_cstart
                0x08001cc8       0xcc zephyr/kernel/libkernel.a(init.c.obj)
                0x08001cc8                z_cstart
 .text.z_impl_k_mutex_lock
                0x08001d94       0xe4 zephyr/kernel/libkernel.a(mutex.c.obj)
                0x08001d94                z_impl_k_mutex_lock
 .text.z_impl_k_mutex_unlock
                0x08001e78       0xa0 zephyr/kernel/libkernel.a(mutex.c.obj)
                0x08001e78                z_impl_k_mutex_unlock
 .text.z_setup_new_thread
                0x08001f18       0xa0 zephyr/kernel/libkernel.a(thread.c.obj)
                0x08001f18                z_setup_new_thread
 .text.z_dummy_thread_init
                0x08001fb8       0x18 zephyr/kernel/libkernel.a(thread.c.obj)
                0x08001fb8                z_dummy_thread_init
 .text.z_impl_k_wakeup
                0x08001fd0       0x48 zephyr/kernel/libkernel.a(thread.c.obj)
                0x08001fd0                z_impl_k_wakeup
 .text.z_impl_k_thread_create
                0x08002018       0x58 zephyr/kernel/libkernel.a(thread.c.obj)
                0x08002018                z_impl_k_thread_create
 .text.z_swap_irqlock
                0x08002070       0x30 zephyr/kernel/libkernel.a(sched.c.obj)
 .text.unready_thread
                0x080020a0       0x54 zephyr/kernel/libkernel.a(sched.c.obj)
 .text.ready_thread
                0x080020f4       0x80 zephyr/kernel/libkernel.a(sched.c.obj)
 .text.reschedule.isra.0
                0x08002174       0x28 zephyr/kernel/libkernel.a(sched.c.obj)
 .text.move_current_to_end_of_prio_q
                0x0800219c       0x6c zephyr/kernel/libkernel.a(sched.c.obj)
                0x0800219c                move_current_to_end_of_prio_q
 .text.z_thread_halt
                0x08002208      0x12c zephyr/kernel/libkernel.a(sched.c.obj)
                0x08002208                z_thread_halt
 .text.z_sched_lock_reschedule
                0x08002334       0x44 zephyr/kernel/libkernel.a(sched.c.obj)
                0x08002334                z_sched_lock_reschedule
 .text.z_sched_yield
                0x08002378       0x84 zephyr/kernel/libkernel.a(sched.c.obj)
                0x08002378                z_sched_yield
 .text.z_pend_curr
                0x080023fc       0x58 zephyr/kernel/libkernel.a(sched.c.obj)
                0x080023fc                z_pend_curr
 .text.z_thread_prio_set
                0x08002454       0xd8 zephyr/kernel/libkernel.a(sched.c.obj)
                0x08002454                z_thread_prio_set
 .text.z_tick_sleep
                0x0800252c       0x90 zephyr/kernel/libkernel.a(sleep.c.obj)
 .text.z_sched_init
                0x080025bc       0x10 zephyr/kernel/libkernel.a(scheduler.c.obj)
                0x080025bc                z_sched_init
 .text.k_sched_lock
                0x080025cc       0x28 zephyr/kernel/libkernel.a(scheduler.c.obj)
                0x080025cc                k_sched_lock
 .text.k_sched_unlock
                0x080025f4       0x20 zephyr/kernel/libkernel.a(scheduler.c.obj)
                0x080025f4                k_sched_unlock
 .text.z_impl_k_sched_current_thread_query
                0x08002614        0xc zephyr/kernel/libkernel.a(scheduler.c.obj)
                0x08002614                z_impl_k_sched_current_thread_query
 .text.z_time_slice_size
                0x08002620       0x40 zephyr/kernel/libkernel.a(timeslicing.c.obj)
 .text.slice_timeout
                0x08002660       0x20 zephyr/kernel/libkernel.a(timeslicing.c.obj)
 .text.z_time_slice_reset
                0x08002680       0x44 zephyr/kernel/libkernel.a(timeslicing.c.obj)
                0x08002680                z_time_slice_reset
 .text.z_time_slice
                0x080026c4       0x5c zephyr/kernel/libkernel.a(timeslicing.c.obj)
                0x080026c4                z_time_slice
 .text.first    0x08002720       0x10 zephyr/kernel/libkernel.a(timeout.c.obj)
 .text.elapsed  0x08002730       0x10 zephyr/kernel/libkernel.a(timeout.c.obj)
 .text.z_add_timeout
                0x08002740      0x130 zephyr/kernel/libkernel.a(timeout.c.obj)
                0x08002740                z_add_timeout
 .text.z_abort_timeout
                0x08002870       0x90 zephyr/kernel/libkernel.a(timeout.c.obj)
                0x08002870                z_abort_timeout
 .text.sys_clock_announce_locked
                0x08002900       0xd0 zephyr/kernel/libkernel.a(timeout.c.obj)
                0x08002900                sys_clock_announce_locked
 .text.sys_clock_tick_get
                0x080029d0       0x30 zephyr/kernel/libkernel.a(timeout.c.obj)
                0x080029d0                sys_clock_tick_get
 .text.__l_vfprintf
                0x08002a00      0x488 /home/vvdn/zephyr-sdk-1.0.1/gnu/arm-zephyr-eabi/bin/../lib/gcc/arm-zephyr-eabi/14.3.0/../../../../arm-zephyr-eabi/lib/thumb/v7e-m/nofp/space/libc.a(libc_tinystdio_vflprintf.c.o)
                0x08002a00                __l_vfprintf
 .text._OffsetAbsSyms
                0x08002e88        0x2 zephyr/CMakeFiles/offsets.dir/./arch/arm/core/offsets/offsets.c.obj
                0x08002e88                _OffsetAbsSyms
 .text.k_msleep.isra.0
                0x08002e8a        0xa app/libapp.a(main.c.obj)
 .text.chunk_size
                0x08002e94        0xa zephyr/libzephyr.a(heap.c.obj)
 .text.free_list_add
                0x08002e9e       0x4e zephyr/libzephyr.a(heap.c.obj)
 .text.sys_heap_init
                0x08002eec       0x82 zephyr/libzephyr.a(heap.c.obj)
                0x08002eec                sys_heap_init
 .text.arch_printk_char_out
                0x08002f6e        0x4 zephyr/libzephyr.a(printk.c.obj)
                0x08002f6e                arch_printk_char_out
 .text.printk   0x08002f72       0x1a zephyr/libzephyr.a(printk.c.obj)
                0x08002f72                printk
 .text._ConfigAbsSyms
                0x08002f8c        0x2 zephyr/libzephyr.a(configs.c.obj)
                0x08002f8c                _ConfigAbsSyms
 .text.dummy_gpio_pin_configure
                0x08002f8e        0x6 zephyr/libzephyr.a(gpioport_mgr.c.obj)
 .text.dummy_gpio_port_get_raw
                0x08002f94        0x6 zephyr/libzephyr.a(gpioport_mgr.c.obj)
 .text.dummy_gpio_port_set_masked_raw
                0x08002f9a        0x6 zephyr/libzephyr.a(gpioport_mgr.c.obj)
 .text.dummy_gpio_port_set_bits_raw
                0x08002fa0        0x6 zephyr/libzephyr.a(gpioport_mgr.c.obj)
 .text.dummy_gpio_port_toggle_bits
                0x08002fa6        0x6 zephyr/libzephyr.a(gpioport_mgr.c.obj)
 .text.dummy_gpio_port_clear_bits_raw
                0x08002fac        0x6 zephyr/libzephyr.a(gpioport_mgr.c.obj)
 .text.stm32_gpioport_configure_pin
                0x08002fb2      0x12a zephyr/libzephyr.a(gpioport_mgr.c.obj)
                0x08002fb2                stm32_gpioport_configure_pin
 .text.arch_early_memset
                0x080030dc        0x4 zephyr/arch/common/libarch__common.a(init.c.obj)
                0x080030dc                arch_early_memset
 .text.arch_early_memcpy
                0x080030e0        0x4 zephyr/arch/common/libarch__common.a(init.c.obj)
                0x080030e0                arch_early_memcpy
 .text.z_do_kernel_oops
                0x080030e4        0x8 zephyr/arch/arch/arm/core/libarch__arm__core.a(fatal.c.obj)
                0x080030e4                z_do_kernel_oops
 .text.z_arm_nmi
                0x080030ec        0xe zephyr/arch/arch/arm/core/libarch__arm__core.a(nmi.c.obj)
                0x080030ec                z_arm_nmi
 .text.z_irq_spurious
                0x080030fa        0x8 zephyr/arch/arch/arm/core/cortex_m/libarch__arm__core__cortex_m.a(irq_manage.c.obj)
                0x080030fa                z_irq_spurious
 .text.arch_coprocessors_disable
                0x08003102        0x6 zephyr/arch/arch/arm/core/cortex_m/libarch__arm__core__cortex_m.a(thread.c.obj)
                0x08003102                arch_coprocessors_disable
 .text.arch_irq_unlock_outlined
                0x08003108        0xe zephyr/arch/arch/arm/core/cortex_m/libarch__arm__core__cortex_m.a(thread.c.obj)
                0x08003108                arch_irq_unlock_outlined
 .text.arch_cpu_idle
                0x08003116       0x1a zephyr/arch/arch/arm/core/cortex_m/libarch__arm__core__cortex_m.a(cpu_idle.c.obj)
                0x08003116                arch_cpu_idle
 .text.size_to_mpu_rasr_size
                0x08003130       0x20 zephyr/arch/arch/arm/core/mpu/libarch__arm__core__mpu.a(arm_mpu.c.obj)
 .text.picolibc_put
                0x08003150        0xa zephyr/lib/libc/picolibc/liblib__libc__picolibc.a(stdio.c.obj)
 .text.stm32_exti_gpio_intc_init
                0x0800315a       0x92 zephyr/drivers/interrupt_controller/libdrivers__interrupt_controller.a(intc_gpio_stm32.c.obj)
 .text.stm32_clock_control_on
                0x080031ec       0x44 zephyr/drivers/clock_control/libdrivers__clock_control.a(clock_stm32_ll_common.c.obj)
 .text.stm32_clock_control_off
                0x08003230       0x2c zephyr/drivers/clock_control/libdrivers__clock_control.a(clock_stm32_ll_common.c.obj)
 .text.stm32_clock_control_configure
                0x0800325c       0x46 zephyr/drivers/clock_control/libdrivers__clock_control.a(clock_stm32_ll_common.c.obj)
 .text.stm32_clock_control_get_status
                0x080032a2       0x38 zephyr/drivers/clock_control/libdrivers__clock_control.a(clock_stm32_ll_common.c.obj)
 .text.config_regulator_voltage
                0x080032da        0x2 zephyr/drivers/clock_control/libdrivers__clock_control.a(clock_stm32_ll_common.c.obj)
                0x080032da                config_regulator_voltage
 .text.pinctrl_lookup_state
                0x080032dc       0x26 zephyr/drivers/pinctrl/libdrivers__pinctrl.a(common.c.obj)
                0x080032dc                pinctrl_lookup_state
 .text.pinctrl_configure_pins
                0x08003302       0x38 zephyr/drivers/pinctrl/libdrivers__pinctrl.a(pinctrl_stm32.c.obj)
                0x08003302                pinctrl_configure_pins
 .text.reset_stm32_status
                0x0800333a       0x20 zephyr/drivers/reset/libdrivers__reset.a(reset_stm32.c.obj)
 .text.reset_stm32_line_assert
                0x0800335a       0x1c zephyr/drivers/reset/libdrivers__reset.a(reset_stm32.c.obj)
 .text.reset_stm32_line_deassert
                0x08003376       0x1e zephyr/drivers/reset/libdrivers__reset.a(reset_stm32.c.obj)
 .text.reset_stm32_line_toggle
                0x08003394       0x16 zephyr/drivers/reset/libdrivers__reset.a(reset_stm32.c.obj)
 .text.LL_USART_ClearFlag_PE
                0x080033aa       0x12 zephyr/drivers/serial/libdrivers__serial.a(uart_stm32.c.obj)
 .text.uart_stm32_err_check
                0x080033bc       0x5e zephyr/drivers/serial/libdrivers__serial.a(uart_stm32.c.obj)
 .text.uart_stm32_set_baudrate.isra.0
                0x0800341a       0x64 zephyr/drivers/serial/libdrivers__serial.a(uart_stm32.c.obj)
 .text.uart_stm32_poll_in
                0x0800347e       0x22 zephyr/drivers/serial/libdrivers__serial.a(uart_stm32.c.obj)
 .text.uart_stm32_poll_out
                0x080034a0       0x36 zephyr/drivers/serial/libdrivers__serial.a(uart_stm32.c.obj)
 .text.uart_stm32_init
                0x080034d6       0xa6 zephyr/drivers/serial/libdrivers__serial.a(uart_stm32.c.obj)
 .text.uart_stm32_config_get
                0x0800357c       0x8e zephyr/drivers/serial/libdrivers__serial.a(uart_stm32.c.obj)
 .text.sys_clock_lock
                0x0800360a       0x10 zephyr/drivers/timer/libdrivers__timer.a(cortex_m_systick.c.obj)
 .text.do_device_init
                0x0800361a       0x30 zephyr/kernel/libkernel.a(device.c.obj)
                0x0800361a                do_device_init
 .text.z_impl_device_is_ready
                0x0800364a       0x16 zephyr/kernel/libkernel.a(device.c.obj)
                0x0800364a                z_impl_device_is_ready
 .text.arch_system_halt
                0x08003660       0x10 zephyr/kernel/libkernel.a(fatal.c.obj)
                0x08003660                arch_system_halt
 .text.k_sys_fatal_error_handler
                0x08003670        0x6 zephyr/kernel/libkernel.a(fatal.c.obj)
                0x08003670                k_sys_fatal_error_handler
 .text.idle     0x08003676       0x16 zephyr/kernel/libkernel.a(idle.c.obj)
                0x08003676                idle
 .text.adjust_owner_prio.isra.0
                0x0800368c       0x10 zephyr/kernel/libkernel.a(mutex.c.obj)
 .text.z_impl_k_mutex_init
                0x0800369c        0xe zephyr/kernel/libkernel.a(mutex.c.obj)
                0x0800369c                z_impl_k_mutex_init
 .text.z_thread_abort
                0x080036aa       0x3e zephyr/kernel/libkernel.a(thread.c.obj)
                0x080036aa                z_thread_abort
 .text.z_impl_k_yield
                0x080036e8        0x4 zephyr/kernel/libkernel.a(thread.c.obj)
                0x080036e8                z_impl_k_yield
 .text.sys_dlist_remove
                0x080036ec       0x10 zephyr/kernel/libkernel.a(sched.c.obj)
 .text.unpend_thread_no_timeout
                0x080036fc       0x14 zephyr/kernel/libkernel.a(sched.c.obj)
 .text.add_to_waitq_locked
                0x08003710       0x4c zephyr/kernel/libkernel.a(sched.c.obj)
 .text.z_ready_thread
                0x0800375c       0x1e zephyr/kernel/libkernel.a(sched.c.obj)
                0x0800375c                z_ready_thread
 .text.z_sched_ready_locked
                0x0800377a        0x4 zephyr/kernel/libkernel.a(sched.c.obj)
                0x0800377a                z_sched_ready_locked
 .text.z_sched_unready_locked
                0x0800377e        0x4 zephyr/kernel/libkernel.a(sched.c.obj)
                0x0800377e                z_sched_unready_locked
 .text.z_sched_wake_thread_locked
                0x08003782       0x28 zephyr/kernel/libkernel.a(sched.c.obj)
                0x08003782                z_sched_wake_thread_locked
 .text.z_thread_timeout
                0x080037aa       0x30 zephyr/kernel/libkernel.a(sched.c.obj)
                0x080037aa                z_thread_timeout
 .text.z_reschedule
                0x080037da        0x6 zephyr/kernel/libkernel.a(sched.c.obj)
                0x080037da                z_reschedule
 .text.z_impl_k_sleep
                0x080037e0       0x32 zephyr/kernel/libkernel.a(sleep.c.obj)
                0x080037e0                z_impl_k_sleep
 .text.next_timeout
                0x08003812       0x2e zephyr/kernel/libkernel.a(timeout.c.obj)
 .text.sys_clock_tick_get_32
                0x08003840        0x8 zephyr/kernel/libkernel.a(timeout.c.obj)
                0x08003840                sys_clock_tick_get_32
 .text.memcpy   0x08003848       0x1c /home/vvdn/zephyr-sdk-1.0.1/gnu/arm-zephyr-eabi/bin/../lib/gcc/arm-zephyr-eabi/14.3.0/../../../../arm-zephyr-eabi/lib/thumb/v7e-m/nofp/space/libc.a(memcpy.c.o)
                0x08003848                memcpy
                0x08003848                __aeabi_memcpy
                0x08003848                __aeabi_memcpy4
                0x08003848                __aeabi_memcpy8
 .text.memset   0x08003864       0x10 /home/vvdn/zephyr-sdk-1.0.1/gnu/arm-zephyr-eabi/bin/../lib/gcc/arm-zephyr-eabi/14.3.0/../../../../arm-zephyr-eabi/lib/thumb/v7e-m/nofp/space/libc.a(memset.c.o)
                0x08003864                memset
 .text.strnlen  0x08003874       0x18 /home/vvdn/zephyr-sdk-1.0.1/gnu/arm-zephyr-eabi/bin/../lib/gcc/arm-zephyr-eabi/14.3.0/../../../../arm-zephyr-eabi/lib/thumb/v7e-m/nofp/space/libc.a(libc_string_strnlen.c.o)
                0x08003874                strnlen
 .text.__ultoa_invert
                0x0800388c       0xae /home/vvdn/zephyr-sdk-1.0.1/gnu/arm-zephyr-eabi/bin/../lib/gcc/arm-zephyr-eabi/14.3.0/../../../../arm-zephyr-eabi/lib/thumb/v7e-m/nofp/space/libc.a(libc_tinystdio_vflprintf.c.o)
 *(SORT_BY_ALIGNMENT(.gnu.linkonce.t.*))
 *(SORT_BY_ALIGNMENT(.glue_7t))
 .glue_7t       0x0800393a        0x0 linker stubs
 *(SORT_BY_ALIGNMENT(.glue_7))
 .glue_7        0x0800393a        0x0 linker stubs
 *(SORT_BY_ALIGNMENT(.vfp11_veneer))
 .vfp11_veneer  0x0800393a        0x0 linker stubs
 *(SORT_BY_ALIGNMENT(.v4_bx))
 .v4_bx         0x0800393a        0x0 linker stubs
                0x0800393c                        . = ALIGN (0x4)
 *fill*         0x0800393a        0x2 
                0x0800393c                        __text_region_end = .

.ARM.exidx      0x0800393c        0x8
                0x0800393c                        __exidx_start = .
 *(SORT_BY_ALIGNMENT(.ARM.exidx*) SORT_BY_ALIGNMENT(gnu.linkonce.armexidx.*))
 .ARM.exidx     0x0800393c        0x8 /home/vvdn/zephyr-sdk-1.0.1/gnu/arm-zephyr-eabi/bin/../lib/gcc/arm-zephyr-eabi/14.3.0/thumb/v7e-m/nofp/space/libgcc.a(_udivmoddi4.o)
                0x08003944                        __exidx_end = .
                0x08003944                        __rodata_region_start = .

initlevel       0x08003944       0xa8
                0x08003944                        __init_start = .
                0x08003944                        __init_EARLY_start = .
 *(SORT_BY_NAME(SORT_BY_ALIGNMENT(.z_init_EARLY_P_?_*)))
 *(SORT_BY_NAME(SORT_BY_ALIGNMENT(.z_init_EARLY_P_??_*)))
 *(SORT_BY_NAME(SORT_BY_ALIGNMENT(.z_init_EARLY_P_???_*)))
                0x08003944                        __init_PRE_KERNEL_1_start = .
 *(SORT_BY_NAME(SORT_BY_ALIGNMENT(.z_init_PRE_KERNEL_1_P_?_*)))
 .z_init_PRE_KERNEL_1_P_1_SUB_00009_
                0x08003944        0x8 zephyr/drivers/clock_control/libdrivers__clock_control.a(clock_stm32_ll_common.c.obj)
 .z_init_PRE_KERNEL_1_P_1_SUB_0_
                0x0800394c        0x8 zephyr/libzephyr.a(soc_config.c.obj)
 *(SORT_BY_NAME(SORT_BY_ALIGNMENT(.z_init_PRE_KERNEL_1_P_??_*)))
 .z_init_PRE_KERNEL_1_P_35_SUB_00072_
                0x08003954        0x8 zephyr/drivers/reset/libdrivers__reset.a(reset_stm32.c.obj)
 .z_init_PRE_KERNEL_1_P_40_SUB_00043_
                0x0800395c        0x8 zephyr/libzephyr.a(gpioport_mgr.c.obj)
 .z_init_PRE_KERNEL_1_P_40_SUB_00046_
                0x08003964        0x8 zephyr/libzephyr.a(gpioport_mgr.c.obj)
 .z_init_PRE_KERNEL_1_P_40_SUB_00054_
                0x0800396c        0x8 zephyr/libzephyr.a(gpioport_mgr.c.obj)
 .z_init_PRE_KERNEL_1_P_40_SUB_00070_
                0x08003974        0x8 zephyr/drivers/interrupt_controller/libdrivers__interrupt_controller.a(intc_exti_stm32.c.obj)
 .z_init_PRE_KERNEL_1_P_40_SUB_00092_
                0x0800397c        0x8 zephyr/libzephyr.a(gpioport_mgr.c.obj)
 .z_init_PRE_KERNEL_1_P_40_SUB_00118_
                0x08003984        0x8 zephyr/libzephyr.a(gpioport_mgr.c.obj)
 .z_init_PRE_KERNEL_1_P_40_SUB_00119_
                0x0800398c        0x8 zephyr/libzephyr.a(gpioport_mgr.c.obj)
 .z_init_PRE_KERNEL_1_P_40_SUB_00120_
                0x08003994        0x8 zephyr/libzephyr.a(gpioport_mgr.c.obj)
 .z_init_PRE_KERNEL_1_P_40_SUB_00121_
                0x0800399c        0x8 zephyr/libzephyr.a(gpioport_mgr.c.obj)
 .z_init_PRE_KERNEL_1_P_40_SUB_0_
                0x080039a4        0x8 zephyr/drivers/interrupt_controller/libdrivers__interrupt_controller.a(intc_gpio_stm32.c.obj)
 .z_init_PRE_KERNEL_1_P_50_SUB_00076_
                0x080039ac        0x8 zephyr/drivers/serial/libdrivers__serial.a(uart_stm32.c.obj)
 .z_init_PRE_KERNEL_1_P_50_SUB_00079_
                0x080039b4        0x8 zephyr/drivers/serial/libdrivers__serial.a(uart_stm32.c.obj)
 .z_init_PRE_KERNEL_1_P_50_SUB_00085_
                0x080039bc        0x8 zephyr/drivers/serial/libdrivers__serial.a(uart_stm32.c.obj)
 .z_init_PRE_KERNEL_1_P_60_SUB_0_
                0x080039c4        0x8 zephyr/drivers/console/libdrivers__console.a(uart_console.c.obj)
 .z_init_PRE_KERNEL_1_P_90_SUB_00071_
                0x080039cc        0x8 zephyr/libzephyr.a(stm32_backup_sram.c.obj)
 *(SORT_BY_NAME(SORT_BY_ALIGNMENT(.z_init_PRE_KERNEL_1_P_???_*)))
                0x080039d4                        __init_PRE_KERNEL_2_start = .
 *(SORT_BY_NAME(SORT_BY_ALIGNMENT(.z_init_PRE_KERNEL_2_P_?_*)))
 .z_init_PRE_KERNEL_2_P_0_SUB_0_
                0x080039d4        0x8 zephyr/drivers/timer/libdrivers__timer.a(cortex_m_systick.c.obj)
 *(SORT_BY_NAME(SORT_BY_ALIGNMENT(.z_init_PRE_KERNEL_2_P_??_*)))
 *(SORT_BY_NAME(SORT_BY_ALIGNMENT(.z_init_PRE_KERNEL_2_P_???_*)))
                0x080039dc                        __init_POST_KERNEL_start = .
 *(SORT_BY_NAME(SORT_BY_ALIGNMENT(.z_init_POST_KERNEL_P_?_*)))
 *(SORT_BY_NAME(SORT_BY_ALIGNMENT(.z_init_POST_KERNEL_P_??_*)))
 .z_init_POST_KERNEL_P_35_SUB_0_
                0x080039dc        0x8 zephyr/lib/libc/common/liblib__libc__common.a(malloc.c.obj)
 *(SORT_BY_NAME(SORT_BY_ALIGNMENT(.z_init_POST_KERNEL_P_???_*)))
                0x080039e4                        __init_APPLICATION_start = .
 *(SORT_BY_NAME(SORT_BY_ALIGNMENT(.z_init_APPLICATION_P_?_*)))
 .z_init_APPLICATION_P_0_SUB_0_
                0x080039e4        0x8 zephyr/libzephyr.a(boot_banner.c.obj)
 *(SORT_BY_NAME(SORT_BY_ALIGNMENT(.z_init_APPLICATION_P_??_*)))
 *(SORT_BY_NAME(SORT_BY_ALIGNMENT(.z_init_APPLICATION_P_???_*)))
                0x080039ec                        __init_SMP_start = .
 *(SORT_BY_NAME(SORT_BY_ALIGNMENT(.z_init_SMP_P_?_*)))
 *(SORT_BY_NAME(SORT_BY_ALIGNMENT(.z_init_SMP_P_??_*)))
 *(SORT_BY_NAME(SORT_BY_ALIGNMENT(.z_init_SMP_P_???_*)))
                0x080039ec                        __init_end = .

device_area     0x080039ec      0x1a4
                0x080039ec                        _device_list_start = .
 *(SORT_BY_NAME(SORT_BY_ALIGNMENT(._device.static.*_?_*)))
 ._device.static.1_1_
                0x080039ec       0x1c zephyr/drivers/clock_control/libdrivers__clock_control.a(clock_stm32_ll_common.c.obj)
                0x080039ec                __device_dts_ord_9
 *(SORT_BY_NAME(SORT_BY_ALIGNMENT(._device.static.*_??_*)))
 ._device.static.1_35_
                0x08003a08       0x1c zephyr/drivers/reset/libdrivers__reset.a(reset_stm32.c.obj)
                0x08003a08                __device_dts_ord_72
 ._device.static.1_40_
                0x08003a24       0xe0 zephyr/libzephyr.a(gpioport_mgr.c.obj)
                0x08003a24                __device_dts_ord_121
                0x08003a40                __device_dts_ord_120
                0x08003a5c                __device_dts_ord_119
                0x08003a78                __device_dts_ord_118
                0x08003a94                __device_dts_ord_92
                0x08003ab0                __device_dts_ord_43
                0x08003acc                __device_dts_ord_46
                0x08003ae8                __device_dts_ord_54
 ._device.static.1_40_
                0x08003b04       0x1c zephyr/drivers/interrupt_controller/libdrivers__interrupt_controller.a(intc_exti_stm32.c.obj)
                0x08003b04                __device_dts_ord_70
 ._device.static.1_50_
                0x08003b20       0x54 zephyr/drivers/serial/libdrivers__serial.a(uart_stm32.c.obj)
                0x08003b20                __device_dts_ord_79
                0x08003b3c                __device_dts_ord_85
                0x08003b58                __device_dts_ord_76
 ._device.static.1_90_
                0x08003b74       0x1c zephyr/libzephyr.a(stm32_backup_sram.c.obj)
                0x08003b74                __device_dts_ord_71
 *(SORT_BY_NAME(SORT_BY_ALIGNMENT(._device.static.*_???_*)))
 *(SORT_BY_NAME(SORT_BY_ALIGNMENT(._device.static.*_????_*)))
 *(SORT_BY_NAME(SORT_BY_ALIGNMENT(._device.static.*_?????_*)))
                0x08003b90                        _device_list_end = .

sw_isr_table    0x08003b90      0x240
                0x08003b90                        . = ALIGN (0x4)
 *(SORT_BY_ALIGNMENT(.gnu.linkonce.sw_isr_table*))
 .gnu.linkonce.sw_isr_table
                0x08003b90      0x240 zephyr/CMakeFiles/zephyr_final.dir/isr_tables.c.obj
                0x08003b90                _sw_isr_table

initlevel_error
 *(SORT_BY_NAME(SORT_BY_ALIGNMENT(.z_init_*)))
                0x00000001                        ASSERT ((SIZEOF (initlevel_error) == 0x0), Undefined initialization levels used.)

app_shmem_regions
                0x08003dd0        0x0
                0x08003dd0                        __app_shmem_regions_start = .
 *(SORT_BY_NAME(SORT_BY_ALIGNMENT(.app_regions.*)))
                0x08003dd0                        __app_shmem_regions_end = .

k_p4wq_initparam_area
                0x08003dd0        0x0
                0x08003dd0                        _k_p4wq_initparam_list_start = .
 *(SORT_BY_NAME(SORT_BY_ALIGNMENT(._k_p4wq_initparam.static.*)))
                0x08003dd0                        _k_p4wq_initparam_list_end = .

_static_thread_data_area
                0x08003dd0        0x0
                0x08003dd0                        __static_thread_data_list_start = .
 *(SORT_BY_NAME(SORT_BY_ALIGNMENT(.__static_thread_data.static.*)))
                0x08003dd0                        __static_thread_data_list_end = .

device_deps     0x08003dd0        0x0
                0x08003dd0                        __device_deps_start = .
 *(SORT_BY_NAME(SORT_BY_ALIGNMENT(.__device_deps_pass2*)))
                0x08003dd0                        __device_deps_end = .

device_api_area
                0x08003dd0       0x64
                0x08003dd0                        _reset_driver_api_list_start = .
 *(SORT_BY_NAME(SORT_BY_ALIGNMENT(._reset_driver_api.static.*)))
 ._reset_driver_api.static.reset_stm32_driver_api_
                0x08003dd0       0x10 zephyr/drivers/reset/libdrivers__reset.a(reset_stm32.c.obj)
                0x08003de0                        _reset_driver_api_list_end = .
                0x08003de0                        _reset_driver_api_ext_end = .
                0x08003de0                        _shared_irq_driver_api_list_start = .
 *(SORT_BY_NAME(SORT_BY_ALIGNMENT(._shared_irq_driver_api.static.*)))
                0x08003de0                        _shared_irq_driver_api_list_end = .
                0x08003de0                        _shared_irq_driver_api_ext_end = .
                0x08003de0                        _dmic_driver_api_list_start = .
 *(SORT_BY_NAME(SORT_BY_ALIGNMENT(._dmic_driver_api.static.*)))
                0x08003de0                        _dmic_driver_api_list_end = .
                0x08003de0                        _dmic_driver_api_ext_end = .
                0x08003de0                        _crypto_driver_api_list_start = .
 *(SORT_BY_NAME(SORT_BY_ALIGNMENT(._crypto_driver_api.static.*)))
                0x08003de0                        _crypto_driver_api_list_end = .
                0x08003de0                        _crypto_driver_api_ext_end = .
                0x08003de0                        _adc_driver_api_list_start = .
 *(SORT_BY_NAME(SORT_BY_ALIGNMENT(._adc_driver_api.static.*)))
                0x08003de0                        _adc_driver_api_list_end = .
                0x08003de0                        _adc_driver_api_ext_end = .
                0x08003de0                        _auxdisplay_driver_api_list_start = .
 *(SORT_BY_NAME(SORT_BY_ALIGNMENT(._auxdisplay_driver_api.static.*)))
                0x08003de0                        _auxdisplay_driver_api_list_end = .
                0x08003de0                        _auxdisplay_driver_api_ext_end = .
                0x08003de0                        _bbram_driver_api_list_start = .
 *(SORT_BY_NAME(SORT_BY_ALIGNMENT(._bbram_driver_api.static.*)))
                0x08003de0                        _bbram_driver_api_list_end = .
                0x08003de0                        _bbram_driver_api_ext_end = .
                0x08003de0                        _biometric_driver_api_list_start = .
 *(SORT_BY_NAME(SORT_BY_ALIGNMENT(._biometric_driver_api.static.*)))
                0x08003de0                        _biometric_driver_api_list_end = .
                0x08003de0                        _biometric_driver_api_ext_end = .
                0x08003de0                        _bt_hci_driver_api_list_start = .
 *(SORT_BY_NAME(SORT_BY_ALIGNMENT(._bt_hci_driver_api.static.*)))
                0x08003de0                        _bt_hci_driver_api_list_end = .
                0x08003de0                        _bt_hci_driver_api_ext_end = .
                0x08003de0                        _buzzer_driver_api_list_start = .
 *(SORT_BY_NAME(SORT_BY_ALIGNMENT(._buzzer_driver_api.static.*)))
                0x08003de0                        _buzzer_driver_api_list_end = .
                0x08003de0                        _buzzer_driver_api_ext_end = .
                0x08003de0                        _can_driver_api_list_start = .
 *(SORT_BY_NAME(SORT_BY_ALIGNMENT(._can_driver_api.static.*)))
                0x08003de0                        _can_driver_api_list_end = .
                0x08003de0                        _can_driver_api_ext_end = .
                0x08003de0                        _cellular_driver_api_list_start = .
 *(SORT_BY_NAME(SORT_BY_ALIGNMENT(._cellular_driver_api.static.*)))
                0x08003de0                        _cellular_driver_api_list_end = .
                0x08003de0                        _cellular_driver_api_ext_end = .
                0x08003de0                        _charger_driver_api_list_start = .
 *(SORT_BY_NAME(SORT_BY_ALIGNMENT(._charger_driver_api.static.*)))
                0x08003de0                        _charger_driver_api_list_end = .
                0x08003de0                        _charger_driver_api_ext_end = .
                0x08003de0                        _clock_control_driver_api_list_start = .
 *(SORT_BY_NAME(SORT_BY_ALIGNMENT(._clock_control_driver_api.static.*)))
 ._clock_control_driver_api.static.stm32_clock_control_api_
                0x08003de0       0x1c zephyr/drivers/clock_control/libdrivers__clock_control.a(clock_stm32_ll_common.c.obj)
                0x08003dfc                        _clock_control_driver_api_list_end = .
                0x08003dfc                        _nrf_clock_control_driver_api_list_start = .
 *(SORT_BY_NAME(SORT_BY_ALIGNMENT(._nrf_clock_control_driver_api.static.*)))
                0x08003dfc                        _nrf_clock_control_driver_api_list_end = .
                0x08003dfc                        _nrf_clock_control_driver_api_ext_end = .
                0x08003dfc                        _clock_control_driver_api_ext_end = .
                0x08003dfc                        _comparator_driver_api_list_start = .
 *(SORT_BY_NAME(SORT_BY_ALIGNMENT(._comparator_driver_api.static.*)))
                0x08003dfc                        _comparator_driver_api_list_end = .
                0x08003dfc                        _comparator_driver_api_ext_end = .
                0x08003dfc                        _coredump_driver_api_list_start = .
 *(SORT_BY_NAME(SORT_BY_ALIGNMENT(._coredump_driver_api.static.*)))
                0x08003dfc                        _coredump_driver_api_list_end = .
                0x08003dfc                        _coredump_driver_api_ext_end = .
                0x08003dfc                        _counter_driver_api_list_start = .
 *(SORT_BY_NAME(SORT_BY_ALIGNMENT(._counter_driver_api.static.*)))
                0x08003dfc                        _counter_driver_api_list_end = .
                0x08003dfc                        _counter_driver_api_ext_end = .
                0x08003dfc                        _crc_driver_api_list_start = .
 *(SORT_BY_NAME(SORT_BY_ALIGNMENT(._crc_driver_api.static.*)))
                0x08003dfc                        _crc_driver_api_list_end = .
                0x08003dfc                        _crc_driver_api_ext_end = .
                0x08003dfc                        _dac_driver_api_list_start = .
 *(SORT_BY_NAME(SORT_BY_ALIGNMENT(._dac_driver_api.static.*)))
                0x08003dfc                        _dac_driver_api_list_end = .
                0x08003dfc                        _dac_driver_api_ext_end = .
                0x08003dfc                        _dai_driver_api_list_start = .
 *(SORT_BY_NAME(SORT_BY_ALIGNMENT(._dai_driver_api.static.*)))
                0x08003dfc                        _dai_driver_api_list_end = .
                0x08003dfc                        _dai_driver_api_ext_end = .
                0x08003dfc                        _dali_driver_api_list_start = .
 *(SORT_BY_NAME(SORT_BY_ALIGNMENT(._dali_driver_api.static.*)))
                0x08003dfc                        _dali_driver_api_list_end = .
                0x08003dfc                        _dali_driver_api_ext_end = .
                0x08003dfc                        _display_driver_api_list_start = .
 *(SORT_BY_NAME(SORT_BY_ALIGNMENT(._display_driver_api.static.*)))
                0x08003dfc                        _display_driver_api_list_end = .
                0x08003dfc                        _display_driver_api_ext_end = .
                0x08003dfc                        _dma_driver_api_list_start = .
 *(SORT_BY_NAME(SORT_BY_ALIGNMENT(._dma_driver_api.static.*)))
                0x08003dfc                        _dma_driver_api_list_end = .
                0x08003dfc                        _dma_driver_api_ext_end = .
                0x08003dfc                        _edac_driver_api_list_start = .
 *(SORT_BY_NAME(SORT_BY_ALIGNMENT(._edac_driver_api.static.*)))
                0x08003dfc                        _edac_driver_api_list_end = .
                0x08003dfc                        _edac_driver_api_ext_end = .
                0x08003dfc                        _eeprom_driver_api_list_start = .
 *(SORT_BY_NAME(SORT_BY_ALIGNMENT(._eeprom_driver_api.static.*)))
                0x08003dfc                        _eeprom_driver_api_list_end = .
                0x08003dfc                        _eeprom_driver_api_ext_end = .
                0x08003dfc                        _emul_bbram_driver_api_list_start = .
 *(SORT_BY_NAME(SORT_BY_ALIGNMENT(._emul_bbram_driver_api.static.*)))
                0x08003dfc                        _emul_bbram_driver_api_list_end = .
                0x08003dfc                        _emul_bbram_driver_api_ext_end = .
                0x08003dfc                        _fuel_gauge_emul_driver_api_list_start = .
 *(SORT_BY_NAME(SORT_BY_ALIGNMENT(._fuel_gauge_emul_driver_api.static.*)))
                0x08003dfc                        _fuel_gauge_emul_driver_api_list_end = .
                0x08003dfc                        _fuel_gauge_emul_driver_api_ext_end = .
                0x08003dfc                        _emul_sensor_driver_api_list_start = .
 *(SORT_BY_NAME(SORT_BY_ALIGNMENT(._emul_sensor_driver_api.static.*)))
                0x08003dfc                        _emul_sensor_driver_api_list_end = .
                0x08003dfc                        _emul_sensor_driver_api_ext_end = .
                0x08003dfc                        _entropy_driver_api_list_start = .
 *(SORT_BY_NAME(SORT_BY_ALIGNMENT(._entropy_driver_api.static.*)))
                0x08003dfc                        _entropy_driver_api_list_end = .
                0x08003dfc                        _entropy_driver_api_ext_end = .
                0x08003dfc                        _espi_driver_api_list_start = .
 *(SORT_BY_NAME(SORT_BY_ALIGNMENT(._espi_driver_api.static.*)))
                0x08003dfc                        _espi_driver_api_list_end = .
                0x08003dfc                        _emul_espi_driver_api_list_start = .
 *(SORT_BY_NAME(SORT_BY_ALIGNMENT(._emul_espi_driver_api.static.*)))
                0x08003dfc                        _emul_espi_driver_api_list_end = .
                0x08003dfc                        _emul_espi_driver_api_ext_end = .
                0x08003dfc                        _espi_driver_api_ext_end = .
                0x08003dfc                        _espi_saf_driver_api_list_start = .
 *(SORT_BY_NAME(SORT_BY_ALIGNMENT(._espi_saf_driver_api.static.*)))
                0x08003dfc                        _espi_saf_driver_api_list_end = .
                0x08003dfc                        _espi_saf_driver_api_ext_end = .
                0x08003dfc                        _flash_driver_api_list_start = .
 *(SORT_BY_NAME(SORT_BY_ALIGNMENT(._flash_driver_api.static.*)))
                0x08003dfc                        _flash_driver_api_list_end = .
                0x08003dfc                        _flash_driver_api_ext_end = .
                0x08003dfc                        _fpga_driver_api_list_start = .
 *(SORT_BY_NAME(SORT_BY_ALIGNMENT(._fpga_driver_api.static.*)))
                0x08003dfc                        _fpga_driver_api_list_end = .
                0x08003dfc                        _fpga_driver_api_ext_end = .
                0x08003dfc                        _fuel_gauge_driver_api_list_start = .
 *(SORT_BY_NAME(SORT_BY_ALIGNMENT(._fuel_gauge_driver_api.static.*)))
                0x08003dfc                        _fuel_gauge_driver_api_list_end = .
                0x08003dfc                        _fuel_gauge_driver_api_ext_end = .
                0x08003dfc                        _gnss_driver_api_list_start = .
 *(SORT_BY_NAME(SORT_BY_ALIGNMENT(._gnss_driver_api.static.*)))
                0x08003dfc                        _gnss_driver_api_list_end = .
                0x08003dfc                        _gnss_driver_api_ext_end = .
                0x08003dfc                        _gpio_driver_api_list_start = .
 *(SORT_BY_NAME(SORT_BY_ALIGNMENT(._gpio_driver_api.static.*)))
 ._gpio_driver_api.static.dummy_gpio_api_
                0x08003dfc       0x24 zephyr/libzephyr.a(gpioport_mgr.c.obj)
                0x08003e20                        _gpio_driver_api_list_end = .
                0x08003e20                        _gpio_driver_api_ext_end = .
                0x08003e20                        _haptics_driver_api_list_start = .
 *(SORT_BY_NAME(SORT_BY_ALIGNMENT(._haptics_driver_api.static.*)))
                0x08003e20                        _haptics_driver_api_list_end = .
                0x08003e20                        _haptics_driver_api_ext_end = .
                0x08003e20                        _hwspinlock_driver_api_list_start = .
 *(SORT_BY_NAME(SORT_BY_ALIGNMENT(._hwspinlock_driver_api.static.*)))
                0x08003e20                        _hwspinlock_driver_api_list_end = .
                0x08003e20                        _hwspinlock_driver_api_ext_end = .
                0x08003e20                        _i2c_driver_api_list_start = .
 *(SORT_BY_NAME(SORT_BY_ALIGNMENT(._i2c_driver_api.static.*)))
                0x08003e20                        _i2c_driver_api_list_end = .
                0x08003e20                        _i3c_driver_api_list_start = .
 *(SORT_BY_NAME(SORT_BY_ALIGNMENT(._i3c_driver_api.static.*)))
                0x08003e20                        _i3c_driver_api_list_end = .
                0x08003e20                        _i3c_driver_api_ext_end = .
                0x08003e20                        _i2c_driver_api_ext_end = .
                0x08003e20                        _i2c_target_driver_api_list_start = .
 *(SORT_BY_NAME(SORT_BY_ALIGNMENT(._i2c_target_driver_api.static.*)))
                0x08003e20                        _i2c_target_driver_api_list_end = .
                0x08003e20                        _i2c_target_driver_api_ext_end = .
                0x08003e20                        _i2s_driver_api_list_start = .
 *(SORT_BY_NAME(SORT_BY_ALIGNMENT(._i2s_driver_api.static.*)))
                0x08003e20                        _i2s_driver_api_list_end = .
                0x08003e20                        _i2s_driver_api_ext_end = .
                0x08003e20                        _ipm_driver_api_list_start = .
 *(SORT_BY_NAME(SORT_BY_ALIGNMENT(._ipm_driver_api.static.*)))
                0x08003e20                        _ipm_driver_api_list_end = .
                0x08003e20                        _ipm_driver_api_ext_end = .
                0x08003e20                        _led_driver_api_list_start = .
 *(SORT_BY_NAME(SORT_BY_ALIGNMENT(._led_driver_api.static.*)))
                0x08003e20                        _led_driver_api_list_end = .
                0x08003e20                        _led_driver_api_ext_end = .
                0x08003e20                        _led_strip_driver_api_list_start = .
 *(SORT_BY_NAME(SORT_BY_ALIGNMENT(._led_strip_driver_api.static.*)))
                0x08003e20                        _led_strip_driver_api_list_end = .
                0x08003e20                        _led_strip_driver_api_ext_end = .
                0x08003e20                        _lora_driver_api_list_start = .
 *(SORT_BY_NAME(SORT_BY_ALIGNMENT(._lora_driver_api.static.*)))
                0x08003e20                        _lora_driver_api_list_end = .
                0x08003e20                        _lora_driver_api_ext_end = .
                0x08003e20                        _mbox_driver_api_list_start = .
 *(SORT_BY_NAME(SORT_BY_ALIGNMENT(._mbox_driver_api.static.*)))
                0x08003e20                        _mbox_driver_api_list_end = .
                0x08003e20                        _mbox_driver_api_ext_end = .
                0x08003e20                        _mdio_driver_api_list_start = .
 *(SORT_BY_NAME(SORT_BY_ALIGNMENT(._mdio_driver_api.static.*)))
                0x08003e20                        _mdio_driver_api_list_end = .
                0x08003e20                        _mdio_driver_api_ext_end = .
                0x08003e20                        _mipi_dbi_driver_api_list_start = .
 *(SORT_BY_NAME(SORT_BY_ALIGNMENT(._mipi_dbi_driver_api.static.*)))
                0x08003e20                        _mipi_dbi_driver_api_list_end = .
                0x08003e20                        _mipi_dbi_driver_api_ext_end = .
                0x08003e20                        _mipi_dsi_driver_api_list_start = .
 *(SORT_BY_NAME(SORT_BY_ALIGNMENT(._mipi_dsi_driver_api.static.*)))
                0x08003e20                        _mipi_dsi_driver_api_list_end = .
                0x08003e20                        _mipi_dsi_driver_api_ext_end = .
                0x08003e20                        _mspi_driver_api_list_start = .
 *(SORT_BY_NAME(SORT_BY_ALIGNMENT(._mspi_driver_api.static.*)))
                0x08003e20                        _mspi_driver_api_list_end = .
                0x08003e20                        _emul_mspi_driver_api_list_start = .
 *(SORT_BY_NAME(SORT_BY_ALIGNMENT(._emul_mspi_driver_api.static.*)))
                0x08003e20                        _emul_mspi_driver_api_list_end = .
                0x08003e20                        _emul_mspi_driver_api_ext_end = .
                0x08003e20                        _mspi_driver_api_ext_end = .
                0x08003e20                        _opamp_driver_api_list_start = .
 *(SORT_BY_NAME(SORT_BY_ALIGNMENT(._opamp_driver_api.static.*)))
                0x08003e20                        _opamp_driver_api_list_end = .
                0x08003e20                        _opamp_driver_api_ext_end = .
                0x08003e20                        _otp_driver_api_list_start = .
 *(SORT_BY_NAME(SORT_BY_ALIGNMENT(._otp_driver_api.static.*)))
                0x08003e20                        _otp_driver_api_list_end = .
                0x08003e20                        _otp_driver_api_ext_end = .
                0x08003e20                        _peci_driver_api_list_start = .
 *(SORT_BY_NAME(SORT_BY_ALIGNMENT(._peci_driver_api.static.*)))
                0x08003e20                        _peci_driver_api_list_end = .
                0x08003e20                        _peci_driver_api_ext_end = .
                0x08003e20                        _ps2_driver_api_list_start = .
 *(SORT_BY_NAME(SORT_BY_ALIGNMENT(._ps2_driver_api.static.*)))
                0x08003e20                        _ps2_driver_api_list_end = .
                0x08003e20                        _ps2_driver_api_ext_end = .
                0x08003e20                        _ptp_clock_driver_api_list_start = .
 *(SORT_BY_NAME(SORT_BY_ALIGNMENT(._ptp_clock_driver_api.static.*)))
                0x08003e20                        _ptp_clock_driver_api_list_end = .
                0x08003e20                        _ptp_clock_driver_api_ext_end = .
                0x08003e20                        _pwm_driver_api_list_start = .
 *(SORT_BY_NAME(SORT_BY_ALIGNMENT(._pwm_driver_api.static.*)))
                0x08003e20                        _pwm_driver_api_list_end = .
                0x08003e20                        _pwm_driver_api_ext_end = .
                0x08003e20                        _regulator_parent_driver_api_list_start = .
 *(SORT_BY_NAME(SORT_BY_ALIGNMENT(._regulator_parent_driver_api.static.*)))
                0x08003e20                        _regulator_parent_driver_api_list_end = .
                0x08003e20                        _regulator_parent_driver_api_ext_end = .
                0x08003e20                        _regulator_driver_api_list_start = .
 *(SORT_BY_NAME(SORT_BY_ALIGNMENT(._regulator_driver_api.static.*)))
                0x08003e20                        _regulator_driver_api_list_end = .
                0x08003e20                        _regulator_driver_api_ext_end = .
                0x08003e20                        _retained_mem_driver_api_list_start = .
 *(SORT_BY_NAME(SORT_BY_ALIGNMENT(._retained_mem_driver_api.static.*)))
                0x08003e20                        _retained_mem_driver_api_list_end = .
                0x08003e20                        _retained_mem_driver_api_ext_end = .
                0x08003e20                        _rtc_driver_api_list_start = .
 *(SORT_BY_NAME(SORT_BY_ALIGNMENT(._rtc_driver_api.static.*)))
                0x08003e20                        _rtc_driver_api_list_end = .
                0x08003e20                        _rtc_driver_api_ext_end = .
                0x08003e20                        _sdhc_driver_api_list_start = .
 *(SORT_BY_NAME(SORT_BY_ALIGNMENT(._sdhc_driver_api.static.*)))
                0x08003e20                        _sdhc_driver_api_list_end = .
                0x08003e20                        _sdhc_driver_api_ext_end = .
                0x08003e20                        _sensor_driver_api_list_start = .
 *(SORT_BY_NAME(SORT_BY_ALIGNMENT(._sensor_driver_api.static.*)))
                0x08003e20                        _sensor_driver_api_list_end = .
                0x08003e20                        _sensor_driver_api_ext_end = .
                0x08003e20                        _smbus_driver_api_list_start = .
 *(SORT_BY_NAME(SORT_BY_ALIGNMENT(._smbus_driver_api.static.*)))
                0x08003e20                        _smbus_driver_api_list_end = .
                0x08003e20                        _smbus_driver_api_ext_end = .
                0x08003e20                        _spi_driver_api_list_start = .
 *(SORT_BY_NAME(SORT_BY_ALIGNMENT(._spi_driver_api.static.*)))
                0x08003e20                        _spi_driver_api_list_end = .
                0x08003e20                        _spi_driver_api_ext_end = .
                0x08003e20                        _syscon_driver_api_list_start = .
 *(SORT_BY_NAME(SORT_BY_ALIGNMENT(._syscon_driver_api.static.*)))
                0x08003e20                        _syscon_driver_api_list_end = .
                0x08003e20                        _syscon_driver_api_ext_end = .
                0x08003e20                        _tee_driver_api_list_start = .
 *(SORT_BY_NAME(SORT_BY_ALIGNMENT(._tee_driver_api.static.*)))
                0x08003e20                        _tee_driver_api_list_end = .
                0x08003e20                        _tee_driver_api_ext_end = .
                0x08003e20                        _tgpio_driver_api_list_start = .
 *(SORT_BY_NAME(SORT_BY_ALIGNMENT(._tgpio_driver_api.static.*)))
                0x08003e20                        _tgpio_driver_api_list_end = .
                0x08003e20                        _tgpio_driver_api_ext_end = .
                0x08003e20                        _uaol_driver_api_list_start = .
 *(SORT_BY_NAME(SORT_BY_ALIGNMENT(._uaol_driver_api.static.*)))
                0x08003e20                        _uaol_driver_api_list_end = .
                0x08003e20                        _uaol_driver_api_ext_end = .
                0x08003e20                        _video_driver_api_list_start = .
 *(SORT_BY_NAME(SORT_BY_ALIGNMENT(._video_driver_api.static.*)))
                0x08003e20                        _video_driver_api_list_end = .
                0x08003e20                        _video_driver_api_ext_end = .
                0x08003e20                        _virtio_driver_api_list_start = .
 *(SORT_BY_NAME(SORT_BY_ALIGNMENT(._virtio_driver_api.static.*)))
                0x08003e20                        _virtio_driver_api_list_end = .
                0x08003e20                        _virtio_driver_api_ext_end = .
                0x08003e20                        _w1_driver_api_list_start = .
 *(SORT_BY_NAME(SORT_BY_ALIGNMENT(._w1_driver_api.static.*)))
                0x08003e20                        _w1_driver_api_list_end = .
                0x08003e20                        _w1_driver_api_ext_end = .
                0x08003e20                        _wdt_driver_api_list_start = .
 *(SORT_BY_NAME(SORT_BY_ALIGNMENT(._wdt_driver_api.static.*)))
                0x08003e20                        _wdt_driver_api_list_end = .
                0x08003e20                        _wdt_driver_api_ext_end = .
                0x08003e20                        _wuc_driver_api_list_start = .
 *(SORT_BY_NAME(SORT_BY_ALIGNMENT(._wuc_driver_api.static.*)))
                0x08003e20                        _wuc_driver_api_list_end = .
                0x08003e20                        _wuc_driver_api_ext_end = .
                0x08003e20                        _can_transceiver_driver_api_list_start = .
 *(SORT_BY_NAME(SORT_BY_ALIGNMENT(._can_transceiver_driver_api.static.*)))
                0x08003e20                        _can_transceiver_driver_api_list_end = .
                0x08003e20                        _can_transceiver_driver_api_ext_end = .
                0x08003e20                        _i3c_target_driver_api_list_start = .
 *(SORT_BY_NAME(SORT_BY_ALIGNMENT(._i3c_target_driver_api.static.*)))
                0x08003e20                        _i3c_target_driver_api_list_end = .
                0x08003e20                        _i3c_target_driver_api_ext_end = .
                0x08003e20                        _its_driver_api_list_start = .
 *(SORT_BY_NAME(SORT_BY_ALIGNMENT(._its_driver_api.static.*)))
                0x08003e20                        _its_driver_api_list_end = .
                0x08003e20                        _its_driver_api_ext_end = .
                0x08003e20                        _vtd_driver_api_list_start = .
 *(SORT_BY_NAME(SORT_BY_ALIGNMENT(._vtd_driver_api.static.*)))
                0x08003e20                        _vtd_driver_api_list_end = .
                0x08003e20                        _vtd_driver_api_ext_end = .
                0x08003e20                        _renesas_elc_driver_api_list_start = .
 *(SORT_BY_NAME(SORT_BY_ALIGNMENT(._renesas_elc_driver_api.static.*)))
                0x08003e20                        _renesas_elc_driver_api_list_end = .
                0x08003e20                        _renesas_elc_driver_api_ext_end = .
                0x08003e20                        _pcie_ctrl_driver_api_list_start = .
 *(SORT_BY_NAME(SORT_BY_ALIGNMENT(._pcie_ctrl_driver_api.static.*)))
                0x08003e20                        _pcie_ctrl_driver_api_list_end = .
                0x08003e20                        _pcie_ctrl_driver_api_ext_end = .
                0x08003e20                        _pcie_ep_driver_api_list_start = .
 *(SORT_BY_NAME(SORT_BY_ALIGNMENT(._pcie_ep_driver_api.static.*)))
                0x08003e20                        _pcie_ep_driver_api_list_end = .
                0x08003e20                        _pcie_ep_driver_api_ext_end = .
                0x08003e20                        _psi5_driver_api_list_start = .
 *(SORT_BY_NAME(SORT_BY_ALIGNMENT(._psi5_driver_api.static.*)))
                0x08003e20                        _psi5_driver_api_list_end = .
                0x08003e20                        _psi5_driver_api_ext_end = .
                0x08003e20                        _sent_driver_api_list_start = .
 *(SORT_BY_NAME(SORT_BY_ALIGNMENT(._sent_driver_api.static.*)))
                0x08003e20                        _sent_driver_api_list_end = .
                0x08003e20                        _sent_driver_api_ext_end = .
                0x08003e20                        _svc_driver_api_list_start = .
 *(SORT_BY_NAME(SORT_BY_ALIGNMENT(._svc_driver_api.static.*)))
                0x08003e20                        _svc_driver_api_list_end = .
                0x08003e20                        _svc_driver_api_ext_end = .
                0x08003e20                        _stepper_driver_api_list_start = .
 *(SORT_BY_NAME(SORT_BY_ALIGNMENT(._stepper_driver_api.static.*)))
                0x08003e20                        _stepper_driver_api_list_end = .
                0x08003e20                        _stepper_driver_api_ext_end = .
                0x08003e20                        _stepper_ctrl_driver_api_list_start = .
 *(SORT_BY_NAME(SORT_BY_ALIGNMENT(._stepper_ctrl_driver_api.static.*)))
                0x08003e20                        _stepper_ctrl_driver_api_list_end = .
                0x08003e20                        _stepper_ctrl_driver_api_ext_end = .
                0x08003e20                        _uart_driver_api_list_start = .
 *(SORT_BY_NAME(SORT_BY_ALIGNMENT(._uart_driver_api.static.*)))
 ._uart_driver_api.static.uart_stm32_driver_api_
                0x08003e20       0x14 zephyr/drivers/serial/libdrivers__serial.a(uart_stm32.c.obj)
                0x08003e34                        _uart_driver_api_list_end = .
                0x08003e34                        _uart_driver_api_ext_end = .
                0x08003e34                        _bc12_emul_driver_api_list_start = .
 *(SORT_BY_NAME(SORT_BY_ALIGNMENT(._bc12_emul_driver_api.static.*)))
                0x08003e34                        _bc12_emul_driver_api_list_end = .
                0x08003e34                        _bc12_emul_driver_api_ext_end = .
                0x08003e34                        _bc12_driver_api_list_start = .
 *(SORT_BY_NAME(SORT_BY_ALIGNMENT(._bc12_driver_api.static.*)))
                0x08003e34                        _bc12_driver_api_list_end = .
                0x08003e34                        _bc12_driver_api_ext_end = .
                0x08003e34                        _usbc_ppc_driver_api_list_start = .
 *(SORT_BY_NAME(SORT_BY_ALIGNMENT(._usbc_ppc_driver_api.static.*)))
                0x08003e34                        _usbc_ppc_driver_api_list_end = .
                0x08003e34                        _usbc_ppc_driver_api_ext_end = .
                0x08003e34                        _tcpc_driver_api_list_start = .
 *(SORT_BY_NAME(SORT_BY_ALIGNMENT(._tcpc_driver_api.static.*)))
                0x08003e34                        _tcpc_driver_api_list_end = .
                0x08003e34                        _tcpc_driver_api_ext_end = .
                0x08003e34                        _usbc_vbus_driver_api_list_start = .
 *(SORT_BY_NAME(SORT_BY_ALIGNMENT(._usbc_vbus_driver_api.static.*)))
                0x08003e34                        _usbc_vbus_driver_api_list_end = .
                0x08003e34                        _usbc_vbus_driver_api_ext_end = .
                0x08003e34                        _ivshmem_driver_api_list_start = .
 *(SORT_BY_NAME(SORT_BY_ALIGNMENT(._ivshmem_driver_api.static.*)))
                0x08003e34                        _ivshmem_driver_api_list_end = .
                0x08003e34                        _ivshmem_driver_api_ext_end = .
                0x08003e34                        _ethphy_driver_api_list_start = .
 *(SORT_BY_NAME(SORT_BY_ALIGNMENT(._ethphy_driver_api.static.*)))
                0x08003e34                        _ethphy_driver_api_list_end = .
                0x08003e34                        _ethphy_driver_api_ext_end = .

ztest           0x08003e34        0x0
                0x08003e34                        _ztest_expected_result_entry_list_start = .
 *(SORT_BY_NAME(SORT_BY_ALIGNMENT(._ztest_expected_result_entry.static.*)))
                0x08003e34                        _ztest_expected_result_entry_list_end = .
                0x08003e34                        _ztest_suite_node_list_start = .
 *(SORT_BY_NAME(SORT_BY_ALIGNMENT(._ztest_suite_node.static.*)))
                0x08003e34                        _ztest_suite_node_list_end = .
                0x08003e34                        _ztest_unit_test_list_start = .
 *(SORT_BY_NAME(SORT_BY_ALIGNMENT(._ztest_unit_test.static.*)))
                0x08003e34                        _ztest_unit_test_list_end = .
                0x08003e34                        _ztest_test_rule_list_start = .
 *(SORT_BY_NAME(SORT_BY_ALIGNMENT(._ztest_test_rule.static.*)))
                0x08003e34                        _ztest_test_rule_list_end = .

init_array      0x08003e34        0x0
                0x08003e34                        __zephyr_init_array_start = .
 *(SORT_BY_INIT_PRIORITY(.init_array.*) SORT_BY_INIT_PRIORITY(.ctors.*))
 *(SORT_BY_ALIGNMENT(.init_array) SORT_BY_ALIGNMENT(.ctors))
                0x08003e34                        __zephyr_init_array_end = .
                0x00000001                        ASSERT ((__zephyr_init_array_start == __zephyr_init_array_end), GNU-style constructors required but STATIC_INIT_GNU not enabled)

bt_l2cap_fixed_chan_area
                0x08003e34        0x0
                0x08003e34                        _bt_l2cap_fixed_chan_list_start = .
 *(SORT_BY_NAME(SORT_BY_ALIGNMENT(._bt_l2cap_fixed_chan.static.*)))
                0x08003e34                        _bt_l2cap_fixed_chan_list_end = .

bt_gatt_service_static_area
                0x08003e34        0x0
                0x08003e34                        _bt_gatt_service_static_list_start = .
 *(SORT_BY_NAME(SORT_BY_ALIGNMENT(._bt_gatt_service_static.static.*)))
                0x08003e34                        _bt_gatt_service_static_list_end = .

log_strings_area
                0x08003e34        0x0
                0x08003e34                        _log_strings_list_start = .
 *(SORT_BY_NAME(SORT_BY_ALIGNMENT(._log_strings.static.*)))
                0x08003e34                        _log_strings_list_end = .

log_stmesp_ptr_area
                0x08003e34        0x0
                0x08003e34                        _log_stmesp_ptr_list_start = .
 *(SORT_BY_NAME(SORT_BY_ALIGNMENT(._log_stmesp_ptr.static.*)))
                0x08003e34                        _log_stmesp_ptr_list_end = .

log_stmesp_str_area
                0x08003e34        0x0
                0x08003e34                        _log_stmesp_str_list_start = .
 *(SORT_BY_NAME(SORT_BY_ALIGNMENT(._log_stmesp_str.static.*)))
                0x08003e34                        _log_stmesp_str_list_end = .

log_const_area  0x08003e34        0x0
                0x08003e34                        _log_const_list_start = .
 *(SORT_BY_NAME(SORT_BY_ALIGNMENT(._log_const.static.*)))
                0x08003e34                        _log_const_list_end = .

log_backend_area
                0x08003e34        0x0
                0x08003e34                        _log_backend_list_start = .
 *(SORT_BY_NAME(SORT_BY_ALIGNMENT(._log_backend.static.*)))
                0x08003e34                        _log_backend_list_end = .

log_link_area   0x08003e34        0x0
                0x08003e34                        _log_link_list_start = .
 *(SORT_BY_NAME(SORT_BY_ALIGNMENT(._log_link.static.*)))
                0x08003e34                        _log_link_list_end = .

tracing_backend_area
                0x08003e34        0x0
                0x08003e34                        _tracing_backend_list_start = .
 *(SORT_BY_NAME(SORT_BY_ALIGNMENT(._tracing_backend.static.*)))
                0x08003e34                        _tracing_backend_list_end = .

zephyr_dbg_info
 *(SORT_BY_ALIGNMENT(.dbg_thread_info))

intc_table_area
                0x08003e34        0x0
                0x08003e34                        _intc_table_list_start = .
 *(SORT_BY_NAME(SORT_BY_ALIGNMENT(._intc_table.static.*)))
                0x08003e34                        _intc_table_list_end = .

symbol_to_keep  0x08003e34        0x0
                0x08003e34                        __symbol_to_keep_start = .
 *(SORT_BY_NAME(SORT_BY_ALIGNMENT(.symbol_to_keep*)))
                0x08003e34                        __symbol_to_keep_end = .

shell_area      0x08003e34        0x0
                0x08003e34                        _shell_list_start = .
 *(SORT_BY_NAME(SORT_BY_ALIGNMENT(._shell.static.*)))
                0x08003e34                        _shell_list_end = .

shell_root_cmds_area
                0x08003e34        0x0
                0x08003e34                        _shell_root_cmds_list_start = .
 *(SORT_BY_NAME(SORT_BY_ALIGNMENT(._shell_root_cmds.static.*)))
                0x08003e34                        _shell_root_cmds_list_end = .

shell_subcmds_area
                0x08003e34        0x0
                0x08003e34                        _shell_subcmds_list_start = .
 *(SORT_BY_NAME(SORT_BY_ALIGNMENT(._shell_subcmds.static.*)))
                0x08003e34                        _shell_subcmds_list_end = .

shell_dynamic_subcmds_area
                0x08003e34        0x0
                0x08003e34                        _shell_dynamic_subcmds_list_start = .
 *(SORT_BY_NAME(SORT_BY_ALIGNMENT(._shell_dynamic_subcmds.static.*)))
                0x08003e34                        _shell_dynamic_subcmds_list_end = .

shell_remote_area
                0x08003e34        0x0
                0x08003e34                        _shell_remote_list_start = .
 *(SORT_BY_NAME(SORT_BY_ALIGNMENT(._shell_remote.static.*)))
                0x08003e34                        _shell_remote_list_end = .

cfb_font_area   0x08003e34        0x0
                0x08003e34                        _cfb_font_list_start = .
 *(SORT_BY_NAME(SORT_BY_ALIGNMENT(._cfb_font.static.*)))
                0x08003e34                        _cfb_font_list_end = .

tdata           0x08003e34        0x0
 *(SORT_BY_ALIGNMENT(.tdata) SORT_BY_ALIGNMENT(.tdata.*) SORT_BY_ALIGNMENT(.gnu.linkonce.td.*))

tbss            0x08003e34        0x4
 *(SORT_BY_ALIGNMENT(.tbss) SORT_BY_ALIGNMENT(.tbss.*) SORT_BY_ALIGNMENT(.gnu.linkonce.tb.*) SORT_BY_ALIGNMENT(.tcommon))
 .tbss.z_tls_current
                0x08003e34        0x4 zephyr/libzephyr.a(thread_entry.c.obj)
                0x08003e34                z_tls_current
                0x08003e34                        PROVIDE (__tdata_start = LOADADDR (tdata))
                0x00000001                        PROVIDE (__tdata_align = ALIGNOF (tdata))
                0x00000000                        PROVIDE (__tdata_size = (((SIZEOF (tdata) + __tdata_align) - 0x1) & ~ ((__tdata_align - 0x1))))
                [!provide]                        PROVIDE (__tdata_end = (__tdata_start + __tdata_size))
                0x00000004                        PROVIDE (__tbss_align = ALIGNOF (tbss))
                [!provide]                        PROVIDE (__tbss_start = ADDR (tbss))
                0x00000004                        PROVIDE (__tbss_size = (((SIZEOF (tbss) + __tbss_align) - 0x1) & ~ ((__tbss_align - 0x1))))
                [!provide]                        PROVIDE (__tbss_end = (__tbss_start + __tbss_size))
                [!provide]                        PROVIDE (__tls_start = __tdata_start)
                [!provide]                        PROVIDE (__tls_size = (__tbss_end - __tdata_start))
                [!provide]                        PROVIDE (__tls_end = __tbss_end)

rodata          0x08003e34      0x7b0
 *(SORT_BY_ALIGNMENT(.rodata))
 .rodata        0x08003e34        0x8 zephyr/drivers/interrupt_controller/libdrivers__interrupt_controller.a(intc_exti_stm32.c.obj)
 *(SORT_BY_ALIGNMENT(.rodata.*))
 .rodata.config
                0x08003e3c        0x8 zephyr/libzephyr.a(stm32_backup_sram.c.obj)
 .rodata.gpio_stm32_cfg_h
                0x08003e44       0x14 zephyr/libzephyr.a(gpioport_mgr.c.obj)
 .rodata.gpio_stm32_cfg_g
                0x08003e58       0x14 zephyr/libzephyr.a(gpioport_mgr.c.obj)
 .rodata.gpio_stm32_cfg_f
                0x08003e6c       0x14 zephyr/libzephyr.a(gpioport_mgr.c.obj)
 .rodata.gpio_stm32_cfg_e
                0x08003e80       0x14 zephyr/libzephyr.a(gpioport_mgr.c.obj)
 .rodata.gpio_stm32_cfg_d
                0x08003e94       0x14 zephyr/libzephyr.a(gpioport_mgr.c.obj)
 .rodata.gpio_stm32_cfg_c
                0x08003ea8       0x14 zephyr/libzephyr.a(gpioport_mgr.c.obj)
 .rodata.gpio_stm32_cfg_b
                0x08003ebc       0x14 zephyr/libzephyr.a(gpioport_mgr.c.obj)
 .rodata.gpio_stm32_cfg_a
                0x08003ed0       0x14 zephyr/libzephyr.a(gpioport_mgr.c.obj)
 .rodata.gpio_ports
                0x08003ee4       0x20 zephyr/libzephyr.a(gpioport_mgr.c.obj)
 .rodata.mem_attr_region
                0x08003f04        0x0 zephyr/libzephyr.a(mem_attr.c.obj)
 .rodata.static_regions
                0x08003f04        0xc zephyr/arch/arch/arm/core/mpu/libarch__arm__core__mpu.a(arm_core_mpu.c.obj)
 .rodata.mpu_config
                0x08003f10        0x8 zephyr/arch/arch/arm/core/mpu/libarch__arm__core__mpu.a(arm_mpu_regions.c.obj)
                0x08003f10                mpu_config
 .rodata.mpu_regions
                0x08003f18       0x18 zephyr/arch/arch/arm/core/mpu/libarch__arm__core__mpu.a(arm_mpu_regions.c.obj)
 .rodata.reset_stm32_config
                0x08003f30        0x4 zephyr/drivers/reset/libdrivers__reset.a(reset_stm32.c.obj)
 .rodata.uart_stm32_cfg_2
                0x08003f34       0x28 zephyr/drivers/serial/libdrivers__serial.a(uart_stm32.c.obj)
 .rodata.pclken_2
                0x08003f5c        0x8 zephyr/drivers/serial/libdrivers__serial.a(uart_stm32.c.obj)
 .rodata.__pinctrl_dev_config__device_dts_ord_79
                0x08003f64        0x8 zephyr/drivers/serial/libdrivers__serial.a(uart_stm32.c.obj)
 .rodata.__pinctrl_states__device_dts_ord_79
                0x08003f6c        0x8 zephyr/drivers/serial/libdrivers__serial.a(uart_stm32.c.obj)
 .rodata.__pinctrl_state_pins_0__device_dts_ord_79
                0x08003f74        0x8 zephyr/drivers/serial/libdrivers__serial.a(uart_stm32.c.obj)
 .rodata.uart_stm32_cfg_1
                0x08003f7c       0x28 zephyr/drivers/serial/libdrivers__serial.a(uart_stm32.c.obj)
 .rodata.pclken_1
                0x08003fa4        0x8 zephyr/drivers/serial/libdrivers__serial.a(uart_stm32.c.obj)
 .rodata.__pinctrl_dev_config__device_dts_ord_85
                0x08003fac        0x8 zephyr/drivers/serial/libdrivers__serial.a(uart_stm32.c.obj)
 .rodata.__pinctrl_states__device_dts_ord_85
                0x08003fb4        0x8 zephyr/drivers/serial/libdrivers__serial.a(uart_stm32.c.obj)
 .rodata.__pinctrl_state_pins_0__device_dts_ord_85
                0x08003fbc        0x8 zephyr/drivers/serial/libdrivers__serial.a(uart_stm32.c.obj)
 .rodata.uart_stm32_cfg_0
                0x08003fc4       0x28 zephyr/drivers/serial/libdrivers__serial.a(uart_stm32.c.obj)
 .rodata.pclken_0
                0x08003fec        0x8 zephyr/drivers/serial/libdrivers__serial.a(uart_stm32.c.obj)
 .rodata.__pinctrl_dev_config__device_dts_ord_76
                0x08003ff4        0x8 zephyr/drivers/serial/libdrivers__serial.a(uart_stm32.c.obj)
 .rodata.__pinctrl_states__device_dts_ord_76
                0x08003ffc        0x8 zephyr/drivers/serial/libdrivers__serial.a(uart_stm32.c.obj)
 .rodata.__pinctrl_state_pins_0__device_dts_ord_76
                0x08004004        0x8 zephyr/drivers/serial/libdrivers__serial.a(uart_stm32.c.obj)
 .rodata.levels.0
                0x0800400c       0x18 zephyr/kernel/libkernel.a(init.c.obj)
 .rodata.CSWTCH.75
                0x08004024        0x6 zephyr/drivers/serial/libdrivers__serial.a(uart_stm32.c.obj)
 .rodata.uart_task_b.str1.1
                0x0800402a      0x599 app/libapp.a(main.c.obj)
                                 0x21 (size before relaxing)
 .rodata.uart_task_a.str1.1
                0x080045c3       0x21 app/libapp.a(main.c.obj)
 .rodata.boot_banner.str1.1
                0x080045c3       0x3b zephyr/libzephyr.a(boot_banner.c.obj)
 .rodata.str1.1
                0x080045c3       0x10 zephyr/libzephyr.a(stm32_backup_sram.c.obj)
 .rodata.str1.1
                0x080045c3       0x70 zephyr/libzephyr.a(gpioport_mgr.c.obj)
 .rodata.z_arm_fatal_error.str1.1
                0x080045c3       0xb3 zephyr/arch/arch/arm/core/libarch__arm__core.a(fatal.c.obj)
 .rodata.mem_manage_fault.str1.1
                0x080045c3       0xdf zephyr/arch/arch/arm/core/cortex_m/libarch__arm__core__cortex_m.a(fault.c.obj)
 .rodata.usage_fault.isra.0.str1.1
                0x080045c3       0xd4 zephyr/arch/arch/arm/core/cortex_m/libarch__arm__core__cortex_m.a(fault.c.obj)
 .rodata.bus_fault.isra.0.str1.1
                0x080045c3       0x8e zephyr/arch/arch/arm/core/cortex_m/libarch__arm__core__cortex_m.a(fault.c.obj)
 .rodata.z_arm_fault.str1.1
                0x080045c3      0x119 zephyr/arch/arch/arm/core/cortex_m/libarch__arm__core__cortex_m.a(fault.c.obj)
 .rodata.str1.1
                0x080045c3        0xf zephyr/arch/arch/arm/core/mpu/libarch__arm__core__mpu.a(arm_mpu_regions.c.obj)
 .rodata.str1.1
                0x080045c3       0x1e zephyr/drivers/interrupt_controller/libdrivers__interrupt_controller.a(intc_exti_stm32.c.obj)
 .rodata.line_range_6.0
                0x080045c3        0x2 zephyr/drivers/interrupt_controller/libdrivers__interrupt_controller.a(intc_gpio_stm32.c.obj)
 .rodata.line_range_5.1
                0x080045c5        0x2 zephyr/drivers/interrupt_controller/libdrivers__interrupt_controller.a(intc_gpio_stm32.c.obj)
 .rodata.line_range_4.2
                0x080045c7        0x2 zephyr/drivers/interrupt_controller/libdrivers__interrupt_controller.a(intc_gpio_stm32.c.obj)
 .rodata.line_range_3.3
                0x080045c9        0x2 zephyr/drivers/interrupt_controller/libdrivers__interrupt_controller.a(intc_gpio_stm32.c.obj)
 .rodata.line_range_2.4
                0x080045cb        0x2 zephyr/drivers/interrupt_controller/libdrivers__interrupt_controller.a(intc_gpio_stm32.c.obj)
 .rodata.line_range_1.5
                0x080045cd        0x2 zephyr/drivers/interrupt_controller/libdrivers__interrupt_controller.a(intc_gpio_stm32.c.obj)
 .rodata.line_range_0.6
                0x080045cf        0x2 zephyr/drivers/interrupt_controller/libdrivers__interrupt_controller.a(intc_gpio_stm32.c.obj)
 .rodata.str1.1
                0x080045d1        0xd zephyr/drivers/clock_control/libdrivers__clock_control.a(clock_stm32_ll_common.c.obj)
 .rodata.str1.1
                0x080045d1       0x11 zephyr/drivers/reset/libdrivers__reset.a(reset_stm32.c.obj)
 .rodata.str1.1
                0x080045d1       0x30 zephyr/drivers/serial/libdrivers__serial.a(uart_stm32.c.obj)
 .rodata.AHBPrescTable
                0x080045d1       0x10 modules/hal_stm32/stm32cube/lib..__modules__hal__stm32__stm32cube.a(system_stm32f4xx.c.obj)
                0x080045d1                AHBPrescTable
 .rodata.z_cstart.str1.1
                0x080045e1        0x5 zephyr/kernel/libkernel.a(init.c.obj)
 .rodata.__l_vfprintf.str1.1
                0x080045e1        0xf /home/vvdn/zephyr-sdk-1.0.1/gnu/arm-zephyr-eabi/bin/../lib/gcc/arm-zephyr-eabi/14.3.0/../../../../arm-zephyr-eabi/lib/thumb/v7e-m/nofp/space/libc.a(libc_tinystdio_vflprintf.c.o)
 *(SORT_BY_ALIGNMENT(.gnu.linkonce.r.*))
                0x080046dc                        . = ALIGN (0x4)
 *fill*         0x080045e1        0x3 
                [!provide]                        PROVIDE (__eh_frame_start = 0x0)
                [!provide]                        PROVIDE (__eh_frame_end = 0x0)
                [!provide]                        PROVIDE (__eh_frame_hdr_start = 0x0)
                [!provide]                        PROVIDE (__eh_frame_hdr_end = 0x0)

/DISCARD/
 *(SORT_BY_ALIGNMENT(.eh_frame))
                0x080045e4                        __rodata_region_end = .
                0x08004600                        . = ALIGN (_region_min_align)
                0x08008000                        . = ALIGN ((0x1 << LOG2CEIL ((__rodata_region_end - ADDR (rom_start)))))
                0x08008000                        __rom_region_end = ((__rom_region_start + .) - ADDR (rom_start))
                0x00008000                        __rom_region_size = (__rom_region_end - __rom_region_start)

/DISCARD/
 *(SORT_BY_ALIGNMENT(.got.plt))
 *(SORT_BY_ALIGNMENT(.igot.plt))
 *(SORT_BY_ALIGNMENT(.got))
 *(SORT_BY_ALIGNMENT(.igot))
                0x20000000                        . = 0x20000000
                0x20000000                        . = ALIGN (_region_min_align)
                0x20000000                        _image_ram_start = .

.ramfunc        0x20000000        0x0 load address 0x080045e4
                0x20000000                        __ramfunc_region_start = .
                0x20000000                        . = ALIGN (_region_min_align)
                0x20000000                        . = ALIGN ((0x1 << LOG2CEIL (__ramfunc_size)))
                0x20000000                        __ramfunc_start = .
 *(SORT_BY_ALIGNMENT(.ramfunc))
 *(SORT_BY_ALIGNMENT(.ramfunc.*))
                0x20000000                        . = ALIGN (_region_min_align)
                0x20000000                        . = ALIGN ((0x1 << LOG2CEIL (__ramfunc_size)))
                0x20000000                        __ramfunc_end = .
                0x00000000                        __ramfunc_size = (__ramfunc_end - __ramfunc_start)
                0x080045e4                        __ramfunc_load_start = LOADADDR (.ramfunc)

datas           0x20000000       0x5c load address 0x080045e4
                0x20000000                        __data_region_start = .
                0x20000000                        __data_start = .
 *(SORT_BY_ALIGNMENT(.data))
 *(SORT_BY_ALIGNMENT(.data.*))
 .data._char_out
                0x20000000        0x4 zephyr/libzephyr.a(printk.c.obj)
 .data.__stdout
                0x20000004       0x10 zephyr/lib/libc/picolibc/liblib__libc__picolibc.a(stdio.c.obj)
 .data.uart_stm32_data_2
                0x20000014        0x4 zephyr/drivers/serial/libdrivers__serial.a(uart_stm32.c.obj)
 .data.uart_cfg_2
                0x20000018        0x8 zephyr/drivers/serial/libdrivers__serial.a(uart_stm32.c.obj)
 .data.uart_stm32_data_1
                0x20000020        0x4 zephyr/drivers/serial/libdrivers__serial.a(uart_stm32.c.obj)
 .data.uart_cfg_1
                0x20000024        0x8 zephyr/drivers/serial/libdrivers__serial.a(uart_stm32.c.obj)
 .data.uart_stm32_data_0
                0x2000002c        0x4 zephyr/drivers/serial/libdrivers__serial.a(uart_stm32.c.obj)
 .data.uart_cfg_0
                0x20000030        0x8 zephyr/drivers/serial/libdrivers__serial.a(uart_stm32.c.obj)
 .data.SystemCoreClock
                0x20000038        0x4 modules/hal_stm32/stm32cube/lib..__modules__hal__stm32__stm32cube.a(system_stm32f4xx.c.obj)
                0x20000038                SystemCoreClock
 .data.slice_ticks
                0x2000003c        0x4 zephyr/kernel/libkernel.a(timeslicing.c.obj)
 .data.announcing_cpu
                0x20000040        0x4 zephyr/kernel/libkernel.a(timeout.c.obj)
 .data.timeout_list